---
source: crates/djinn-control-plane/tests/task_tools.rs
expression: activity
---
{
  "entries": [
    {
      "id": "[UUID]",
      "task_id": "[UUID]",
      "actor_id": "[UUID]",
      "actor_role": "user",
      "event_type": "comment",
      "kind": "comment",
      "payload": {
        "body": "hello"
      },
      "summary": "hello",
      "created_at": "[TIMESTAMP]"
    }
  ],
  "count": 1
}
