---
source: crates/djinn-agent/src/extension/tests/schema_snapshot_tests.rs
assertion_line: 221
expression: tool_schemas_lead()
---
[
  {
    "concurrent_safe": true,
    "description": "Show details of a work item including recent activity and blockers.",
    "inputSchema": {
      "properties": {
        "id": {
          "description": "Task UUID or short ID",
          "type": "string"
        }
      },
      "required": [
        "id"
      ],
      "type": "object"
    },
    "name": "task_show"
  },
  {
    "concurrent_safe": true,
    "description": "List tasks with optional filters and pagination.",
    "inputSchema": {
      "properties": {
        "issue_type": {
          "type": "string"
        },
        "label": {
          "type": "string"
        },
        "limit": {
          "type": "integer"
        },
        "offset": {
          "type": "integer"
        },
        "parent": {
          "description": "Epic ID to filter by",
          "type": "string"
        },
        "priority": {
          "type": "integer"
        },
        "sort": {
          "type": "string"
        },
        "status": {
          "type": "string"
        },
        "text": {
          "description": "Free-text search in title/description",
          "type": "string"
        }
      },
      "type": "object"
    },
    "name": "task_list"
  },
  {
    "concurrent_safe": true,
    "description": "Query a task's activity log with optional filters. Returns comments, status transitions, verification results, and other events. Use to inspect Lead guidance, reviewer feedback, or verification history.",
    "inputSchema": {
      "properties": {
        "actor_role": {
          "description": "Filter by actor: lead, reviewer, worker, verification, system",
          "type": "string"
        },
        "event_type": {
          "description": "Filter by event type: comment, status_changed, commands_run, merge_conflict, task_review_start",
          "type": "string"
        },
        "id": {
          "description": "Task UUID or short ID",
          "type": "string"
        },
        "limit": {
          "description": "Max entries to return (default 30, max 50)",
          "type": "integer"
        }
      },
      "required": [
        "id"
      ],
      "type": "object"
    },
    "name": "task_activity_list"
  },
  {
    "concurrent_safe": true,
    "description": "Read a note by permalink or title.",
    "inputSchema": {
      "properties": {
        "identifier": {
          "description": "Permalink or title",
          "type": "string"
        }
      },
      "required": [
        "identifier"
      ],
      "type": "object"
    },
    "name": "memory_read"
  },
  {
    "concurrent_safe": true,
    "description": "Search notes in project memory.",
    "inputSchema": {
      "properties": {
        "folder": {
          "type": "string"
        },
        "limit": {
          "type": "integer"
        },
        "query": {
          "type": "string"
        },
        "task_id": {
          "description": "Task ID for affinity scoring; defaults to the current session task",
          "type": "string"
        },
        "type": {
          "type": "string"
        }
      },
      "required": [
        "query"
      ],
      "type": "object"
    },
    "name": "memory_search"
  },
  {
    "concurrent_safe": true,
    "description": "List notes in project memory. Returns compact summaries without full content.",
    "inputSchema": {
      "properties": {
        "depth": {
          "description": "Depth control: 0 = unlimited, 1 = exact folder (default), N = N levels",
          "type": "integer"
        },
        "folder": {
          "description": "Filter by folder (e.g. \"decisions\")",
          "type": "string"
        },
        "type": {
          "description": "Filter by note type (e.g. \"adr\", \"reference\", \"research\")",
          "type": "string"
        }
      },
      "type": "object"
    },
    "name": "memory_list"
  },
  {
    "concurrent_safe": false,
    "description": "Execute shell commands in the task worktree. Commands always run from the worktree root.",
    "inputSchema": {
      "properties": {
        "command": {
          "description": "Shell command to execute",
          "type": "string"
        },
        "timeout_ms": {
          "description": "Timeout in milliseconds (default 120000)",
          "type": "integer"
        }
      },
      "required": [
        "command"
      ],
      "type": "object"
    },
    "name": "shell"
  },
  {
    "concurrent_safe": true,
    "description": "Read a file with line numbers and pagination. Rejects binary files.",
    "inputSchema": {
      "properties": {
        "file_path": {
          "type": "string"
        },
        "limit": {
          "minimum": 1,
          "type": "integer"
        },
        "offset": {
          "minimum": 0,
          "type": "integer"
        }
      },
      "required": [
        "file_path"
      ],
      "type": "object"
    },
    "name": "read"
  },
  {
    "concurrent_safe": true,
    "description": "Query the Language Server Protocol for code navigation. Operations: hover (type info at position), definition (go to definition), references (find all references), symbols (list document symbols with optional depth/kind/name filtering). Line and character are 1-based for non-symbol operations.",
    "inputSchema": {
      "properties": {
        "character": {
          "description": "1-based column number (required for hover, definition, references when symbol is omitted)",
          "minimum": 1,
          "type": "integer"
        },
        "depth": {
          "description": "Maximum nesting depth for operation='symbols'. 0 = top-level only; omitted = unlimited",
          "minimum": 0,
          "type": "integer"
        },
        "file_path": {
          "description": "Absolute or worktree-relative file path",
          "type": "string"
        },
        "kind": {
          "description": "Comma-separated symbol kind filter for operation='symbols' (e.g. function,method,struct,class,interface,enum,variable,constant,module,field,property,constructor,type_parameter)",
          "type": "string"
        },
        "line": {
          "description": "1-based line number (required for hover, definition, references)",
          "minimum": 1,
          "type": "integer"
        },
        "name_filter": {
          "description": "Case-insensitive substring filter applied to symbol names and name paths for operation='symbols'",
          "type": "string"
        },
        "operation": {
          "description": "LSP operation to perform",
          "enum": [
            "hover",
            "definition",
            "references",
            "symbols"
          ],
          "type": "string"
        },
        "symbol": {
          "description": "Optional symbol name path for hover, definition, or references as an alternative to line+character",
          "type": "string"
        }
      },
      "required": [
        "operation",
        "file_path"
      ],
      "type": "object"
    },
    "name": "lsp"
  },
  {
    "concurrent_safe": true,
    "description": "Fetch the full log for a GitHub Actions CI job. When CI fails, the activity log tells you the job_id. Call this tool to see the actual error output. Optionally filter to a specific failed step name. If the output is large, use output_view or output_grep to navigate it.",
    "inputSchema": {
      "properties": {
        "job_id": {
          "description": "The GitHub Actions job ID from the CI failure activity",
          "type": "integer"
        },
        "step": {
          "description": "Optional step name to filter the log to (e.g. 'Tests')",
          "type": "string"
        }
      },
      "required": [
        "job_id"
      ],
      "type": "object"
    },
    "name": "ci_job_log"
  },
  {
    "concurrent_safe": true,
    "description": "Search GitHub code across public repositories using the GitHub Code Search API. Returns compact, navigable matches with snippets, file paths, URLs, and metadata. Each result has a result_id for reference. Use github_fetch_file to inspect the full file of a promising result.",
    "inputSchema": {
      "properties": {
        "language": {
          "description": "Programming language filter (e.g. \"Rust\", \"Python\", \"TypeScript\")",
          "type": "string"
        },
        "path": {
          "description": "Path filter to search within specific directories (e.g. \"src/\")",
          "type": "string"
        },
        "query": {
          "description": "Search query. Supports GitHub code search syntax.",
          "type": "string"
        },
        "repo": {
          "description": "Repository filter in \"owner/repo\" format (e.g. \"tokio-rs/tokio\")",
          "type": "string"
        }
      },
      "required": [
        "query"
      ],
      "type": "object"
    },
    "name": "github_search"
  },
  {
    "concurrent_safe": true,
    "description": "Fetch the full contents of a file from a public GitHub repository. Use after github_search to inspect a promising result. Supports optional start_line/end_line for reading specific sections of large files.",
    "inputSchema": {
      "properties": {
        "end_line": {
          "description": "Last line to return (1-based, inclusive)",
          "type": "integer"
        },
        "path": {
          "description": "File path within the repository (e.g. \"src/lib.rs\")",
          "type": "string"
        },
        "ref": {
          "description": "Branch, tag, or commit SHA (default: default branch)",
          "type": "string"
        },
        "repo": {
          "description": "Repository in \"owner/repo\" format (e.g. \"tokio-rs/tokio\")",
          "type": "string"
        },
        "start_line": {
          "description": "First line to return (1-based, inclusive)",
          "type": "integer"
        }
      },
      "required": [
        "repo",
        "path"
      ],
      "type": "object"
    },
    "name": "github_fetch_file"
  },
  {
    "concurrent_safe": true,
    "description": "Paginated view of a truncated tool output. When a tool result was truncated, the full output is stashed and can be browsed here by tool_use_id.",
    "inputSchema": {
      "properties": {
        "limit": {
          "description": "Number of lines to return (default 200)",
          "minimum": 1,
          "type": "integer"
        },
        "offset": {
          "description": "Line offset (0-based, default 0)",
          "minimum": 0,
          "type": "integer"
        },
        "tool_use_id": {
          "description": "The tool_use_id from the truncated result",
          "type": "string"
        }
      },
      "required": [
        "tool_use_id"
      ],
      "type": "object"
    },
    "name": "output_view"
  },
  {
    "concurrent_safe": true,
    "description": "Regex search within a truncated tool output. Returns matching lines with context from the full stashed output.",
    "inputSchema": {
      "properties": {
        "context_lines": {
          "description": "Lines of context around each match (default 3)",
          "minimum": 0,
          "type": "integer"
        },
        "pattern": {
          "description": "Regex pattern to search for",
          "type": "string"
        },
        "tool_use_id": {
          "description": "The tool_use_id from the truncated result",
          "type": "string"
        }
      },
      "required": [
        "tool_use_id",
        "pattern"
      ],
      "type": "object"
    },
    "name": "output_grep"
  },
  {
    "concurrent_safe": false,
    "description": "Create a new task under an epic. Agents should use this only when explicitly allowed by their role and task design.",
    "inputSchema": {
      "properties": {
        "acceptance_criteria": {
          "description": "Required. Each item is either a plain string or an object with 'criterion' (string) and optional 'met' (bool) fields. Tasks without acceptance criteria cannot be dispatched.",
          "items": {},
          "minItems": 1,
          "type": "array"
        },
        "blocked_by": {
          "description": "Task IDs (UUID or short_id) that must complete before this task can be dispatched.",
          "items": {
            "type": "string"
          },
          "type": "array"
        },
        "description": {
          "type": "string"
        },
        "design": {
          "type": "string"
        },
        "epic_id": {
          "description": "Parent epic UUID or short ID",
          "type": "string"
        },
        "issue_type": {
          "description": "Task type: 'task' (default for worker-routed code work), 'planning' for epic metadata operations (epic_update, epic_close, memory_refs management, roadmap/AC changes, or other metadata-only maintenance), 'spike' for research, 'review' for code review. Use 'planning' when the work requires epic management tools or primarily updates epic metadata instead of code.",
          "type": "string"
        },
        "labels": {
          "items": {
            "type": "string"
          },
          "type": "array"
        },
        "owner": {
          "type": "string"
        },
        "parent_id": {
          "type": "string"
        },
        "priority": {
          "type": "integer"
        },
        "status": {
          "type": "string"
        },
        "title": {
          "type": "string"
        }
      },
      "required": [
        "epic_id",
        "title",
        "acceptance_criteria"
      ],
      "type": "object"
    },
    "name": "task_create"
  },
  {
    "concurrent_safe": false,
    "description": "Update task fields and manage blocker relationships. Use blocked_by_add/blocked_by_remove to enforce task sequencing — a task with unresolved blockers will not be dispatched.",
    "inputSchema": {
      "properties": {
        "acceptance_criteria": {
          "description": "Each item is either a plain string or an object with 'criterion' (string) and optional 'met' (bool) fields.",
          "items": {},
          "type": "array"
        },
        "blocked_by_add": {
          "description": "Task IDs (UUID or short_id) to add as blockers. Task will not be dispatched until all blockers are resolved.",
          "items": {
            "type": "string"
          },
          "type": "array"
        },
        "blocked_by_remove": {
          "description": "Task IDs (UUID or short_id) to remove as blockers.",
          "items": {
            "type": "string"
          },
          "type": "array"
        },
        "description": {
          "type": "string"
        },
        "design": {
          "type": "string"
        },
        "epic_id": {
          "type": "string"
        },
        "id": {
          "description": "Task UUID or short ID",
          "type": "string"
        },
        "memory_refs_add": {
          "items": {
            "type": "string"
          },
          "type": "array"
        },
        "memory_refs_remove": {
          "items": {
            "type": "string"
          },
          "type": "array"
        },
        "owner": {
          "type": "string"
        },
        "priority": {
          "type": "integer"
        },
        "status": {
          "type": "string"
        },
        "title": {
          "type": "string"
        }
      },
      "required": [
        "id"
      ],
      "type": "object"
    },
    "name": "task_update"
  },
  {
    "concurrent_safe": true,
    "description": "List tasks that are blocked by the given task. Use before decomposing to check downstream dependents.",
    "inputSchema": {
      "properties": {
        "id": {
          "description": "Task UUID or short ID",
          "type": "string"
        }
      },
      "required": [
        "id"
      ],
      "type": "object"
    },
    "name": "task_blocked_list"
  },
  {
    "concurrent_safe": true,
    "description": "Show details for an epic by UUID or short ID.",
    "inputSchema": {
      "properties": {
        "id": {
          "description": "Epic UUID or short ID",
          "type": "string"
        }
      },
      "required": [
        "id"
      ],
      "type": "object"
    },
    "name": "epic_show"
  },
  {
    "concurrent_safe": false,
    "description": "Update epic fields (title/description) and accept memory ref delta args for planner workflows.",
    "inputSchema": {
      "properties": {
        "description": {
          "type": "string"
        },
        "id": {
          "description": "Epic UUID or short ID",
          "type": "string"
        },
        "memory_refs_add": {
          "items": {
            "type": "string"
          },
          "type": "array"
        },
        "memory_refs_remove": {
          "items": {
            "type": "string"
          },
          "type": "array"
        },
        "status": {
          "type": "string"
        },
        "title": {
          "type": "string"
        }
      },
      "required": [
        "id"
      ],
      "type": "object"
    },
    "name": "epic_update"
  },
  {
    "concurrent_safe": true,
    "description": "List tasks for an epic with pagination.",
    "inputSchema": {
      "properties": {
        "id": {
          "description": "Epic UUID or short ID",
          "type": "string"
        },
        "limit": {
          "type": "integer"
        },
        "offset": {
          "type": "integer"
        }
      },
      "required": [
        "id"
      ],
      "type": "object"
    },
    "name": "epic_tasks"
  },
  {
    "concurrent_safe": false,
    "description": "Close an epic. Use when all work is complete and no further waves are needed.",
    "inputSchema": {
      "properties": {
        "id": {
          "description": "Epic UUID or short ID",
          "type": "string"
        }
      },
      "required": [
        "id"
      ],
      "type": "object"
    },
    "name": "epic_close"
  },
  {
    "concurrent_safe": false,
    "description": "Delete the task's git branch, worktree, and paused session so the next worker starts with a clean slate.",
    "inputSchema": {
      "properties": {
        "id": {
          "description": "Task UUID or short ID",
          "type": "string"
        }
      },
      "required": [
        "id"
      ],
      "type": "object"
    },
    "name": "task_delete_branch"
  },
  {
    "concurrent_safe": false,
    "description": "Soft-delete all activity entries (comments, session errors, rejections) for a task. The worker on the next attempt will only see post-intervention activity.",
    "inputSchema": {
      "properties": {
        "id": {
          "description": "Task UUID or short ID",
          "type": "string"
        }
      },
      "required": [
        "id"
      ],
      "type": "object"
    },
    "name": "task_archive_activity"
  },
  {
    "concurrent_safe": false,
    "description": "Reset reopen_count and continuation_count to zero. Use when the task has been meaningfully rescoped and old retry history is no longer relevant.",
    "inputSchema": {
      "properties": {
        "id": {
          "description": "Task UUID or short ID",
          "type": "string"
        }
      },
      "required": [
        "id"
      ],
      "type": "object"
    },
    "name": "task_reset_counters"
  },
  {
    "concurrent_safe": false,
    "description": "Kill the paused worker session and delete its saved conversation. The next dispatch will start a fresh session. Unlike task_delete_branch, this preserves the branch and any committed code.",
    "inputSchema": {
      "properties": {
        "id": {
          "description": "Task UUID or short ID",
          "type": "string"
        }
      },
      "required": [
        "id"
      ],
      "type": "object"
    },
    "name": "task_kill_session"
  },
  {
    "concurrent_safe": false,
    "description": "Escalate to the Planner when the task requires board-level intervention beyond per-task Lead resolution. Use when the task is mis-shaped, duplicates other work, needs to be split or merged, or has failed multiple Lead interventions. The Planner owns the board and decides whether to reshape the work, dedupe it, or — if the issue requires deeper code-structural reasoning — dispatch an Architect spike. Adds a comment and dispatches the Planner. Your session should end after this call.",
    "inputSchema": {
      "properties": {
        "id": {
          "description": "Task UUID or short_id",
          "type": "string"
        },
        "reason": {
          "description": "Why Planner escalation is needed (e.g. task mis-shaped, duplicates other work, needs splitting, repeated Lead failures with no clear next step)",
          "type": "string"
        }
      },
      "required": [
        "id",
        "reason"
      ],
      "type": "object"
    },
    "name": "request_planner"
  },
  {
    "concurrent_safe": false,
    "description": "Submit the Lead intervention decision and release the task back to the worker queue. Your session ends after this call.",
    "inputSchema": {
      "properties": {
        "created_tasks": {
          "description": "IDs of tasks created during this intervention (for decompose decisions)",
          "items": {
            "type": "string"
          },
          "type": "array"
        },
        "decision": {
          "description": "The decision taken: reopen (send back to worker), decompose (split into subtasks), force_close, or escalate (release back to Lead queue)",
          "enum": [
            "reopen",
            "decompose",
            "force_close",
            "escalate"
          ],
          "type": "string"
        },
        "rationale": {
          "description": "Explanation for the decision",
          "type": "string"
        },
        "task_id": {
          "description": "Task UUID or short_id",
          "type": "string"
        }
      },
      "required": [
        "task_id",
        "decision"
      ],
      "type": "object"
    },
    "name": "submit_decision"
  }
]
