---
source: crates/djinn-agent/src/extension/tests/schema_snapshot_tests.rs
expression: "serde_json::to_value(tool_code_graph()).unwrap()"
---
{
  "description": "Query the SCIP-built repository dependency graph. Set `operation` to one of the enum values; most ops accept optional filters (kind_filter, group_by, limit, min_confidence). Call `operation=capabilities` for the full per-op param shapes + defaults. Quick guide: neighbors / ranked / impact / implementations / search / cycles / orphans / path / edges — basic graph queries (impact defaults: depth=2, min_confidence=0.85, behavioural edges only). symbols_at / diff_touches / detect_changes — line-range → touched symbols. describe / context — single-symbol detail (context = bucketed incoming/outgoing edges). status / metrics_at / snapshot — graph health + introspection. api_surface / dead_symbols / deprecated_callers — public surface health. boundary_check / blast_radius / touches_hot_path — change-impact analysis. hotspots / cochange / churn / coupling_hubs — git-coupling × PageRank centrality. complexity — rank functions or files by cognitive/cyclomatic/nloc complexity.",
  "inputSchema": {
    "properties": {
      "changed_ranges": {
        "description": "List of changed line ranges for diff_touches (parsed from `git diff --unified=0 base..head`)",
        "items": {
          "properties": {
            "end_line": {
              "description": "1-indexed inclusive last line of the hunk (defaults to start_line)",
              "minimum": 1,
              "type": "integer"
            },
            "file": {
              "description": "Repository-relative path of the changed file",
              "type": "string"
            },
            "start_line": {
              "description": "1-indexed inclusive first line of the hunk",
              "minimum": 1,
              "type": "integer"
            }
          },
          "required": [
            "file",
            "start_line"
          ],
          "type": "object"
        },
        "type": "array"
      },
      "confidence": {
        "description": "Confidence tier for dead_symbols (default high)",
        "enum": [
          "high",
          "med",
          "low"
        ],
        "type": "string"
      },
      "direction": {
        "description": "Edge direction filter for neighbors (omit for both)",
        "enum": [
          "incoming",
          "outgoing"
        ],
        "type": "string"
      },
      "edge_kind": {
        "description": "Edge-kind filter for edges",
        "type": "string"
      },
      "end_line": {
        "description": "1-indexed inclusive end line for symbols_at (defaults to start_line)",
        "minimum": 1,
        "type": "integer"
      },
      "file": {
        "description": "Repository-relative file path (required for symbols_at)",
        "type": "string"
      },
      "file_glob": {
        "description": "File-path glob restricting hotspots to a subset of files",
        "type": "string"
      },
      "from": {
        "description": "Source node for path",
        "type": "string"
      },
      "from_glob": {
        "description": "Source path glob for edges",
        "type": "string"
      },
      "group_by": {
        "description": "Group impact/neighbors results by file",
        "enum": [
          "file"
        ],
        "type": "string"
      },
      "key": {
        "description": "Node key: file path or SCIP symbol string (required for neighbors, impact, implementations, describe)",
        "type": "string"
      },
      "kind_filter": {
        "description": "Node kind filter for ranked/search/cycles/orphans",
        "enum": [
          "file",
          "symbol"
        ],
        "type": "string"
      },
      "limit": {
        "description": "Max results (ranked/search/orphans/edges) or max traversal depth (impact)",
        "minimum": 1,
        "type": "integer"
      },
      "max_depth": {
        "description": "Maximum depth for path",
        "minimum": 1,
        "type": "integer"
      },
      "min_size": {
        "description": "Minimum SCC size for cycles (default 2)",
        "minimum": 2,
        "type": "integer"
      },
      "mode": {
        "description": "Search mode for the `search` op (PR B4). `name` runs the canonical-graph name index only (fast path); `hybrid` blends lexical + semantic + structural via RRF k=60 and stamps each hit with a `match_kind` tag for debug surfaces. Default reads `DJINN_CODE_GRAPH_SEARCH_DEFAULT_MODE` (env var; defaults to `name`).",
        "enum": [
          "name",
          "hybrid"
        ],
        "type": "string"
      },
      "module_glob": {
        "description": "File-path glob restricting api_surface to a subset of symbols",
        "type": "string"
      },
      "operation": {
        "description": "Graph query to perform",
        "enum": [
          "neighbors",
          "ranked",
          "impact",
          "implementations",
          "search",
          "cycles",
          "orphans",
          "path",
          "edges",
          "symbols_at",
          "diff_touches",
          "detect_changes",
          "describe",
          "context",
          "api_surface",
          "boundary_check",
          "blast_radius",
          "hotspots",
          "complexity",
          "cochange",
          "churn",
          "coupling_hubs",
          "metrics_at",
          "dead_symbols",
          "deprecated_callers",
          "touches_hot_path",
          "status",
          "snapshot",
          "capabilities"
        ],
        "type": "string"
      },
      "project": {
        "description": "Project slug (owner/repo) or UUID. The handler resolves it to the server-managed clone path.",
        "type": "string"
      },
      "query": {
        "description": "Substring query for search",
        "type": "string"
      },
      "rules": {
        "description": "Boundary rules for boundary_check. Every submitted rule is treated as a forbidden edge; matching edges are reported as violations.",
        "items": {
          "properties": {
            "from_glob": {
              "description": "Source path glob",
              "type": "string"
            },
            "to_glob": {
              "description": "Destination path glob",
              "type": "string"
            }
          },
          "required": [
            "from_glob",
            "to_glob"
          ],
          "type": "object"
        },
        "type": "array"
      },
      "seed_entries": {
        "description": "Entry-point SCIP symbol keys for touches_hot_path",
        "items": {
          "type": "string"
        },
        "type": "array"
      },
      "seed_sinks": {
        "description": "Sink SCIP symbol keys for touches_hot_path",
        "items": {
          "type": "string"
        },
        "type": "array"
      },
      "sort_by": {
        "description": "Sort key. For ranked: pagerank|in_degree|out_degree|total_degree (default pagerank). For complexity: cognitive|cyclomatic|nloc|max_nesting|param_count (default cognitive).",
        "enum": [
          "pagerank",
          "in_degree",
          "out_degree",
          "total_degree",
          "cognitive",
          "cyclomatic",
          "nloc",
          "max_nesting",
          "param_count"
        ],
        "type": "string"
      },
      "start_line": {
        "description": "1-indexed inclusive start line (required for symbols_at)",
        "minimum": 1,
        "type": "integer"
      },
      "symbols": {
        "description": "Queried symbol keys for touches_hot_path",
        "items": {
          "type": "string"
        },
        "type": "array"
      },
      "target": {
        "description": "Target tier for complexity (default functions). 'files' aggregates by file_path.",
        "enum": [
          "functions",
          "files"
        ],
        "type": "string"
      },
      "to": {
        "description": "Destination node for path",
        "type": "string"
      },
      "to_glob": {
        "description": "Destination path glob for edges",
        "type": "string"
      },
      "visibility": {
        "description": "Visibility filter for orphans (default any)",
        "enum": [
          "public",
          "private",
          "any"
        ],
        "type": "string"
      },
      "window_days": {
        "description": "Churn look-back window in days for hotspots (default 90, clamped to 365)",
        "minimum": 1,
        "type": "integer"
      }
    },
    "required": [
      "operation",
      "project"
    ],
    "type": "object"
  },
  "name": "code_graph"
}
