---
source: crates/djinn-agent/src/extension/tests/schema_snapshot_tests.rs
assertion_line: 204
expression: names
---
[
  "task_show",
  "task_list",
  "task_activity_list",
  "memory_read",
  "memory_search",
  "memory_list",
  "shell",
  "read",
  "lsp",
  "ci_job_log",
  "github_search",
  "github_fetch_file",
  "output_view",
  "output_grep",
  "memory_build_context",
  "submit_review"
]
