0 verbose cli /usr/local/share/fnm/node-versions/v26.3.1/installation/bin/node /usr/local/share/fnm/node-versions/v26.3.1/installation/bin/npm
1 info using npm@11.16.0
2 info using node@v26.3.1
3 silly config load:file:/usr/local/share/fnm/node-versions/v26.3.1/installation/lib/node_modules/npm/npmrc
4 silly config load:file:/workspace/.tmpoUdhPs/ui/.npmrc
5 silly config load:file:/home/djinn/.npmrc
6 silly config load:file:/usr/local/share/fnm/node-versions/v26.3.1/installation/etc/npmrc
7 verbose title npm install css-tree
8 verbose argv "install" "css-tree" "--prefer-offline"
9 verbose logfile logs-max:10 dir:/workspace/.tmpoUdhPs/.npm-cache/_logs/2026-06-19T15_21_54_790Z-
10 verbose logfile /workspace/.tmpoUdhPs/.npm-cache/_logs/2026-06-19T15_21_54_790Z-debug-0.log
11 silly logfile done cleaning log files
12 silly packumentCache heap:4395630592 maxSize:1098907648 maxEntrySize:549453824
13 verbose shrinkwrap failed to load node_modules/.package-lock.json out of date, updated: node_modules
14 silly idealTree buildDeps
15 silly fetch manifest css-tree@*
16 silly packumentCache full:https://registry.npmjs.org/css-tree cache-miss
17 http fetch GET 200 https://registry.npmjs.org/css-tree 1383ms (cache miss)
18 silly packumentCache full:https://registry.npmjs.org/css-tree set size:undefined disposed:false
19 silly placeDep ROOT css-tree@3.2.1 REPLACE for: djinnos-ui@0.1.0 want: *
20 silly reify moves {}
21 silly audit bulk request {
21 silly audit   '@adobe/css-tools': [ '4.5.0' ],
21 silly audit   '@ai-sdk/gateway': [ '3.0.133' ],
21 silly audit   '@ai-sdk/provider': [ '3.0.10' ],
21 silly audit   '@ai-sdk/provider-utils': [ '4.0.30' ],
21 silly audit   '@antfu/install-pkg': [ '1.1.0' ],
21 silly audit   '@antfu/ni': [ '25.0.0' ],
21 silly audit   '@apidevtools/json-schema-ref-parser': [ '11.9.3' ],
21 silly audit   '@asamuzakjp/css-color': [ '5.1.11' ],
21 silly audit   '@asamuzakjp/dom-selector': [ '7.1.1' ],
21 silly audit   '@asamuzakjp/generational-cache': [ '1.0.1' ],
21 silly audit   '@asamuzakjp/nwsapi': [ '2.3.9' ],
21 silly audit   '@babel/code-frame': [ '7.29.7' ],
21 silly audit   '@babel/compat-data': [ '7.29.7' ],
21 silly audit   '@babel/core': [ '7.29.7' ],
21 silly audit   '@babel/generator': [ '7.29.7' ],
21 silly audit   '@babel/helper-annotate-as-pure': [ '7.29.7' ],
21 silly audit   '@babel/helper-compilation-targets': [ '7.29.7' ],
21 silly audit   '@babel/helper-create-class-features-plugin': [ '7.29.7' ],
21 silly audit   '@babel/helper-globals': [ '7.29.7' ],
21 silly audit   '@babel/helper-member-expression-to-functions': [ '7.29.7' ],
21 silly audit   '@babel/helper-module-imports': [ '7.29.7' ],
21 silly audit   '@babel/helper-module-transforms': [ '7.29.7' ],
21 silly audit   '@babel/helper-optimise-call-expression': [ '7.29.7' ],
21 silly audit   '@babel/helper-plugin-utils': [ '7.29.7' ],
21 silly audit   '@babel/helper-replace-supers': [ '7.29.7' ],
21 silly audit   '@babel/helper-skip-transparent-expression-wrappers': [ '7.29.7' ],
21 silly audit   '@babel/helper-string-parser': [ '7.29.7' ],
21 silly audit   '@babel/helper-validator-identifier': [ '7.29.7' ],
21 silly audit   '@babel/helper-validator-option': [ '7.29.7' ],
21 silly audit   '@babel/helpers': [ '7.29.7' ],
21 silly audit   '@babel/parser': [ '7.29.7' ],
21 silly audit   '@babel/plugin-syntax-jsx': [ '7.29.7' ],
21 silly audit   '@babel/plugin-syntax-typescript': [ '7.29.7' ],
21 silly audit   '@babel/plugin-transform-modules-commonjs': [ '7.29.7' ],
21 silly audit   '@babel/plugin-transform-react-jsx-self': [ '7.29.7' ],
21 silly audit   '@babel/plugin-transform-react-jsx-source': [ '7.29.7' ],
21 silly audit   '@babel/plugin-transform-typescript': [ '7.29.7' ],
21 silly audit   '@babel/preset-typescript': [ '7.29.7' ],
21 silly audit   '@babel/runtime': [ '7.29.7' ],
21 silly audit   '@babel/template': [ '7.29.7' ],
21 silly audit   '@babel/traverse': [ '7.29.7' ],
21 silly audit   '@babel/types': [ '7.29.7' ],
21 silly audit   '@base-ui/react': [ '1.6.0' ],
21 silly audit   '@base-ui/utils': [ '0.3.1' ],
21 silly audit   '@braintree/sanitize-url': [ '7.1.2' ],
21 silly audit   '@bramus/specificity': [ '2.4.2' ],
21 silly audit   '@chevrotain/types': [ '11.1.2' ],
21 silly audit   '@csstools/color-helpers': [ '6.0.2' ],
21 silly audit   '@csstools/css-calc': [ '3.2.1' ],
21 silly audit   '@csstools/css-color-parser': [ '4.1.7' ],
21 silly audit   '@csstools/css-parser-algorithms': [ '4.0.0' ],
21 silly audit   '@csstools/css-syntax-patches-for-csstree': [ '1.1.5' ],
21 silly audit   '@csstools/css-tokenizer': [ '4.0.0' ],
21 silly audit   '@dotenvx/dotenvx': [ '1.73.1' ],
21 silly audit   commander: [ '11.1.0', '8.3.0', '7.2.0', '14.0.3' ],
21 silly audit   'define-lazy-prop': [ '2.0.0', '3.0.0' ],
21 silly audit   execa: [ '5.1.1', '9.6.1' ],
21 silly audit   'get-stream': [ '6.0.1', '9.0.1' ],
21 silly audit   'human-signals': [ '2.1.0', '8.0.1' ],
21 silly audit   'is-docker': [ '2.2.1', '3.0.0' ],
21 silly audit   'is-stream': [ '2.0.1', '4.0.1' ],
21 silly audit   'is-wsl': [ '2.2.0', '3.1.1' ],
21 silly audit   isexe: [ '3.1.5', '2.0.0' ],
21 silly audit   'npm-run-path': [ '4.0.1', '6.0.0' ],
21 silly audit   open: [ '8.4.2', '11.0.0' ],
21 silly audit   'signal-exit': [ '3.0.7', '4.1.0' ],
21 silly audit   'strip-final-newline': [ '2.0.0', '4.0.0' ],
21 silly audit   which: [ '4.0.0', '2.0.2' ],
21 silly audit   '@ecies/ciphers': [ '0.2.6' ],
21 silly audit   '@emnapi/runtime': [ '1.11.1' ],
21 silly audit   '@esbuild/aix-ppc64': [ '0.25.12', '0.28.1', '0.27.7' ],
21 silly audit   '@esbuild/android-arm': [ '0.25.12', '0.28.1', '0.27.7' ],
21 silly audit   '@esbuild/android-arm64': [ '0.25.12', '0.28.1', '0.27.7' ],
21 silly audit   '@esbuild/android-x64': [ '0.25.12', '0.28.1', '0.27.7' ],
21 silly audit   '@esbuild/darwin-arm64': [ '0.25.12', '0.28.1', '0.27.7' ],
21 silly audit   '@esbuild/darwin-x64': [ '0.25.12', '0.28.1', '0.27.7' ],
21 silly audit   '@esbuild/freebsd-arm64': [ '0.25.12', '0.28.1', '0.27.7' ],
21 silly audit   '@esbuild/freebsd-x64': [ '0.25.12', '0.28.1', '0.27.7' ],
21 silly audit   '@esbuild/linux-arm': [ '0.25.12', '0.28.1', '0.27.7' ],
21 silly audit   '@esbuild/linux-arm64': [ '0.25.12', '0.28.1', '0.27.7' ],
21 silly audit   '@esbuild/linux-ia32': [ '0.25.12', '0.28.1', '0.27.7' ],
21 silly audit   '@esbuild/linux-loong64': [ '0.25.12', '0.28.1', '0.27.7' ],
21 silly audit   '@esbuild/linux-mips64el': [ '0.25.12', '0.28.1', '0.27.7' ],
21 silly audit   '@esbuild/linux-ppc64': [ '0.25.12', '0.28.1', '0.27.7' ],
21 silly audit   '@esbuild/linux-riscv64': [ '0.25.12', '0.28.1', '0.27.7' ],
21 silly audit   '@esbuild/linux-s390x': [ '0.25.12', '0.28.1', '0.27.7' ],
21 silly audit   '@esbuild/linux-x64': [ '0.25.12', '0.28.1', '0.27.7' ],
21 silly audit   '@esbuild/netbsd-arm64': [ '0.25.12', '0.28.1', '0.27.7' ],
21 silly audit   '@esbuild/netbsd-x64': [ '0.25.12', '0.28.1', '0.27.7' ],
21 silly audit   '@esbuild/openbsd-arm64': [ '0.25.12', '0.28.1', '0.27.7' ],
21 silly audit   '@esbuild/openbsd-x64': [ '0.25.12', '0.28.1', '0.27.7' ],
21 silly audit   '@esbuild/openharmony-arm64': [ '0.25.12', '0.28.1', '0.27.7' ],
21 silly audit   '@esbuild/sunos-x64': [ '0.25.12', '0.28.1', '0.27.7' ],
21 silly audit   '@esbuild/win32-arm64': [ '0.25.12', '0.28.1', '0.27.7' ],
21 silly audit   '@esbuild/win32-ia32': [ '0.25.12', '0.28.1', '0.27.7' ],
21 silly audit   '@esbuild/win32-x64': [ '0.25.12', '0.28.1', '0.27.7' ],
21 silly audit   '@eslint-community/eslint-utils': [ '4.9.1' ],
21 silly audit   'eslint-visitor-keys': [ '3.4.3', '5.0.1', '4.2.1' ],
21 silly audit   '@eslint-community/regexpp': [ '4.12.2' ],
21 silly audit   '@eslint/config-array': [ '0.21.2' ],
21 silly audit   '@eslint/config-helpers': [ '0.4.2' ],
21 silly audit   '@eslint/core': [ '0.17.0' ],
21 silly audit   '@eslint/eslintrc': [ '3.3.5' ],
21 silly audit   ajv: [ '6.15.0', '8.20.0' ],
21 silly audit   globals: [ '14.0.0', '17.6.0' ],
21 silly audit   'json-schema-traverse': [ '0.4.1', '1.0.0' ],
21 silly audit   '@eslint/js': [ '9.39.4' ],
21 silly audit   '@eslint/object-schema': [ '2.1.7' ],
21 silly audit   '@eslint/plugin-kit': [ '0.4.1' ],
21 silly audit   '@exodus/bytes': [ '1.15.1' ],
21 silly audit   '@floating-ui/core': [ '1.7.5' ],
21 silly audit   '@floating-ui/dom': [ '1.7.6' ],
21 silly audit   '@floating-ui/react-dom': [ '2.1.8' ],
21 silly audit   '@floating-ui/utils': [ '0.2.11' ],
21 silly audit   '@fontsource-variable/geist': [ '5.2.9' ],
21 silly audit   '@fontsource-variable/geist-mono': [ '5.2.8' ],
21 silly audit   '@hono/node-server': [ '1.19.14' ],
21 silly audit   '@hugeicons/core-free-icons': [ '3.3.0' ],
21 silly audit   '@hugeicons/react': [ '1.1.7' ],
21 silly audit   '@humanfs/core': [ '0.19.2' ],
21 silly audit   '@humanfs/node': [ '0.16.8' ],
21 silly audit   '@humanfs/types': [ '0.15.0' ],
21 silly audit   '@humanwhocodes/module-importer': [ '1.0.1' ],
21 silly audit   '@humanwhocodes/retry': [ '0.4.3' ],
21 silly audit   '@iconify/types': [ '2.0.0' ],
21 silly audit   '@iconify/utils': [ '3.1.3' ],
21 silly audit   '@img/colour': [ '1.1.0' ],
21 silly audit   '@img/sharp-darwin-arm64': [ '0.34.5' ],
21 silly audit   '@img/sharp-darwin-x64': [ '0.34.5' ],
21 silly audit   '@img/sharp-libvips-darwin-arm64': [ '1.2.4' ],
21 silly audit   '@img/sharp-libvips-darwin-x64': [ '1.2.4' ],
21 silly audit   '@img/sharp-libvips-linux-arm': [ '1.2.4' ],
21 silly audit   '@img/sharp-libvips-linux-arm64': [ '1.2.4' ],
21 silly audit   '@img/sharp-libvips-linux-ppc64': [ '1.2.4' ],
21 silly audit   '@img/sharp-libvips-linux-riscv64': [ '1.2.4' ],
21 silly audit   '@img/sharp-libvips-linux-s390x': [ '1.2.4' ],
21 silly audit   '@img/sharp-libvips-linux-x64': [ '1.2.4' ],
21 silly audit   '@img/sharp-libvips-linuxmusl-arm64': [ '1.2.4' ],
21 silly audit   '@img/sharp-libvips-linuxmusl-x64': [ '1.2.4' ],
21 silly audit   '@img/sharp-linux-arm': [ '0.34.5' ],
21 silly audit   '@img/sharp-linux-arm64': [ '0.34.5' ],
21 silly audit   '@img/sharp-linux-ppc64': [ '0.34.5' ],
21 silly audit   '@img/sharp-linux-riscv64': [ '0.34.5' ],
21 silly audit   '@img/sharp-linux-s390x': [ '0.34.5' ],
21 silly audit   '@img/sharp-linux-x64': [ '0.34.5' ],
21 silly audit   '@img/sharp-linuxmusl-arm64': [ '0.34.5' ],
21 silly audit   '@img/sharp-linuxmusl-x64': [ '0.34.5' ],
21 silly audit   '@img/sharp-wasm32': [ '0.34.5' ],
21 silly audit   '@img/sharp-win32-arm64': [ '0.34.5' ],
21 silly audit   '@img/sharp-win32-ia32': [ '0.34.5' ],
21 silly audit   '@img/sharp-win32-x64': [ '0.34.5' ],
21 silly audit   '@inquirer/ansi': [ '2.0.7' ],
21 silly audit   '@inquirer/confirm': [ '6.1.1' ],
21 silly audit   '@inquirer/core': [ '11.2.1' ],
21 silly audit   '@inquirer/figures': [ '2.0.7' ],
21 silly audit   '@inquirer/type': [ '4.0.7' ],
21 silly audit   '@isaacs/cliui': [ '8.0.2' ],
21 silly audit   '@joshwooding/vite-plugin-react-docgen-typescript': [ '0.6.1' ],
21 silly audit   '@jridgewell/gen-mapping': [ '0.3.13' ],
21 silly audit   '@jridgewell/remapping': [ '2.3.5' ],
21 silly audit   '@jridgewell/resolve-uri': [ '3.1.2' ],
21 silly audit   '@jridgewell/sourcemap-codec': [ '1.5.5' ],
21 silly audit   '@jridgewell/trace-mapping': [ '0.3.31' ],
21 silly audit   '@jsdevtools/ono': [ '7.1.3' ],
21 silly audit   '@mdx-js/react': [ '3.1.1' ],
21 silly audit   '@mermaid-js/parser': [ '1.1.1' ],
21 silly audit   '@modelcontextprotocol/sdk': [ '1.29.0' ],
21 silly audit   '@mswjs/interceptors': [ '0.41.9' ],
21 silly audit   '@open-draft/deferred-promise': [ '2.2.0', '3.0.0' ],
21 silly audit   '@next/env': [ '16.2.9' ],
21 silly audit   '@next/swc-darwin-arm64': [ '16.2.9' ],
21 silly audit   '@next/swc-darwin-x64': [ '16.2.9' ],
21 silly audit   '@next/swc-linux-arm64-gnu': [ '16.2.9' ],
21 silly audit   '@next/swc-linux-arm64-musl': [ '16.2.9' ],
21 silly audit   '@next/swc-linux-x64-gnu': [ '16.2.9' ],
21 silly audit   '@next/swc-linux-x64-musl': [ '16.2.9' ],
21 silly audit   '@next/swc-win32-arm64-msvc': [ '16.2.9' ],
21 silly audit   '@next/swc-win32-x64-msvc': [ '16.2.9' ],
21 silly audit   '@nivo/annotations': [ '0.99.0' ],
21 silly audit   '@nivo/axes': [ '0.99.0' ],
21 silly audit   '@nivo/bar': [ '0.99.0' ],
21 silly audit   '@nivo/canvas': [ '0.99.0' ],
21 silly audit   '@nivo/colors': [ '0.99.0' ],
21 silly audit   '@nivo/core': [ '0.99.0' ],
21 silly audit   '@nivo/legends': [ '0.99.0' ],
21 silly audit   '@nivo/line': [ '0.99.0' ],
21 silly audit   '@nivo/radar': [ '0.99.0' ],
21 silly audit   '@nivo/scales': [ '0.99.0' ],
21 silly audit   '@types/d3-time-format': [ '3.0.4', '2.3.4' ],
21 silly audit   '@nivo/text': [ '0.99.0' ],
21 silly audit   '@nivo/theming': [ '0.99.0' ],
21 silly audit   '@nivo/tooltip': [ '0.99.0' ],
21 silly audit   '@nivo/voronoi': [ '0.99.0' ],
21 silly audit   '@noble/ciphers': [ '1.3.0' ],
21 silly audit   '@noble/curves': [ '1.9.7' ],
21 silly audit   '@noble/hashes': [ '1.8.0' ],
21 silly audit   '@nodelib/fs.scandir': [ '2.1.5' ],
21 silly audit   '@nodelib/fs.stat': [ '2.0.5' ],
21 silly audit   '@nodelib/fs.walk': [ '1.2.8' ],
21 silly audit   '@open-draft/logger': [ '0.3.0' ],
21 silly audit   '@open-draft/until': [ '2.1.0' ],
21 silly audit   '@opentelemetry/api': [ '1.9.1' ],
21 silly audit   '@pkgjs/parseargs': [ '0.11.0' ],
21 silly audit   '@radix-ui/number': [ '1.1.2' ],
21 silly audit   '@radix-ui/primitive': [ '1.1.4' ],
21 silly audit   '@radix-ui/react-accessible-icon': [ '1.1.10' ],
21 silly audit   '@radix-ui/react-accordion': [ '1.2.14' ],
21 silly audit   '@radix-ui/react-alert-dialog': [ '1.1.17' ],
21 silly audit   '@radix-ui/react-arrow': [ '1.1.10' ],
21 silly audit   '@radix-ui/react-aspect-ratio': [ '1.1.10' ],
21 silly audit   '@radix-ui/react-avatar': [ '1.2.0' ],
21 silly audit   '@radix-ui/react-checkbox': [ '1.3.5' ],
21 silly audit   '@radix-ui/react-collapsible': [ '1.1.14' ],
21 silly audit   '@radix-ui/react-collection': [ '1.1.10' ],
21 silly audit   '@radix-ui/react-compose-refs': [ '1.1.3' ],
21 silly audit   '@radix-ui/react-context': [ '1.1.4' ],
21 silly audit   '@radix-ui/react-context-menu': [ '2.3.1' ],
21 silly audit   '@radix-ui/react-dialog': [ '1.1.17' ],
21 silly audit   '@radix-ui/react-direction': [ '1.1.2' ],
21 silly audit   '@radix-ui/react-dismissable-layer': [ '1.1.13' ],
21 silly audit   '@radix-ui/react-dropdown-menu': [ '2.1.18' ],
21 silly audit   '@radix-ui/react-focus-guards': [ '1.1.4' ],
21 silly audit   '@radix-ui/react-focus-scope': [ '1.1.10' ],
21 silly audit   '@radix-ui/react-form': [ '0.1.10' ],
21 silly audit   '@radix-ui/react-hover-card': [ '1.1.17' ],
21 silly audit   '@radix-ui/react-id': [ '1.1.2' ],
21 silly audit   '@radix-ui/react-label': [ '2.1.10' ],
21 silly audit   '@radix-ui/react-menu': [ '2.1.18' ],
21 silly audit   '@radix-ui/react-menubar': [ '1.1.18' ],
21 silly audit   '@radix-ui/react-navigation-menu': [ '1.2.16' ],
21 silly audit   '@radix-ui/react-one-time-password-field': [ '0.1.10' ],
21 silly audit   '@radix-ui/react-password-toggle-field': [ '0.1.5' ],
21 silly audit   '@radix-ui/react-popover': [ '1.1.17' ],
21 silly audit   '@radix-ui/react-popper': [ '1.3.1' ],
21 silly audit   '@radix-ui/react-portal': [ '1.1.12' ],
21 silly audit   '@radix-ui/react-presence': [ '1.1.6' ],
21 silly audit   '@radix-ui/react-primitive': [ '2.1.6' ],
21 silly audit   '@radix-ui/react-progress': [ '1.1.10' ],
21 silly audit   '@radix-ui/react-radio-group': [ '1.4.1' ],
21 silly audit   '@radix-ui/react-roving-focus': [ '1.1.13' ],
21 silly audit   '@radix-ui/react-scroll-area': [ '1.2.12' ],
21 silly audit   '@radix-ui/react-select': [ '2.3.1' ],
21 silly audit   '@radix-ui/react-separator': [ '1.1.10' ],
21 silly audit   '@radix-ui/react-slider': [ '1.4.1' ],
21 silly audit   '@radix-ui/react-slot': [ '1.3.0' ],
21 silly audit   '@radix-ui/react-switch': [ '1.3.1' ],
21 silly audit   '@radix-ui/react-tabs': [ '1.1.15' ],
21 silly audit   '@radix-ui/react-toast': [ '1.2.17' ],
21 silly audit   '@radix-ui/react-toggle': [ '1.1.12' ],
21 silly audit   '@radix-ui/react-toggle-group': [ '1.1.13' ],
21 silly audit   '@radix-ui/react-toolbar': [ '1.1.13' ],
21 silly audit   '@radix-ui/react-tooltip': [ '1.2.10' ],
21 silly audit   '@radix-ui/react-use-callback-ref': [ '1.1.2' ],
21 silly audit   '@radix-ui/react-use-controllable-state': [ '1.2.3' ],
21 silly audit   '@radix-ui/react-use-effect-event': [ '0.0.3' ],
21 silly audit   '@radix-ui/react-use-escape-keydown': [ '1.1.2' ],
21 silly audit   '@radix-ui/react-use-is-hydrated': [ '0.1.1' ],
21 silly audit   '@radix-ui/react-use-layout-effect': [ '1.1.2' ],
21 silly audit   '@radix-ui/react-use-previous': [ '1.1.2' ],
21 silly audit   '@radix-ui/react-use-rect': [ '1.1.2' ],
21 silly audit   '@radix-ui/react-use-size': [ '1.1.2' ],
21 silly audit   '@radix-ui/react-visually-hidden': [ '1.2.6' ],
21 silly audit   '@radix-ui/rect': [ '1.1.2' ],
21 silly audit   '@react-spring/animated': [ '10.1.1' ],
21 silly audit   '@react-spring/core': [ '10.1.1' ],
21 silly audit   '@react-spring/rafz': [ '10.1.1' ],
21 silly audit   '@react-spring/shared': [ '10.1.1' ],
21 silly audit   '@react-spring/types': [ '10.1.1' ],
21 silly audit   '@react-spring/web': [ '10.1.1' ],
21 silly audit   '@rive-app/react-webgl2': [ '4.29.1' ],
21 silly audit   '@rive-app/webgl2': [ '2.38.1' ],
21 silly audit   '@rolldown/pluginutils': [ '1.0.0-rc.3' ],
21 silly audit   '@rollup/pluginutils': [ '5.4.0' ],
21 silly audit   '@rollup/rollup-android-arm-eabi': [ '4.62.0' ],
21 silly audit   '@rollup/rollup-android-arm64': [ '4.62.0' ],
21 silly audit   '@rollup/rollup-darwin-arm64': [ '4.62.0' ],
21 silly audit   '@rollup/rollup-darwin-x64': [ '4.62.0' ],
21 silly audit   '@rollup/rollup-freebsd-arm64': [ '4.62.0' ],
21 silly audit   '@rollup/rollup-freebsd-x64': [ '4.62.0' ],
21 silly audit   '@rollup/rollup-linux-arm-gnueabihf': [ '4.62.0' ],
21 silly audit   '@rollup/rollup-linux-arm-musleabihf': [ '4.62.0' ],
21 silly audit   '@rollup/rollup-linux-arm64-gnu': [ '4.62.0' ],
21 silly audit   '@rollup/rollup-linux-arm64-musl': [ '4.62.0' ],
21 silly audit   '@rollup/rollup-linux-loong64-gnu': [ '4.62.0' ],
21 silly audit   '@rollup/rollup-linux-loong64-musl': [ '4.62.0' ],
21 silly audit   '@rollup/rollup-linux-ppc64-gnu': [ '4.62.0' ],
21 silly audit   '@rollup/rollup-linux-ppc64-musl': [ '4.62.0' ],
21 silly audit   '@rollup/rollup-linux-riscv64-gnu': [ '4.62.0' ],
21 silly audit   '@rollup/rollup-linux-riscv64-musl': [ '4.62.0' ],
21 silly audit   '@rollup/rollup-linux-s390x-gnu': [ '4.62.0' ],
21 silly audit   '@rollup/rollup-linux-x64-gnu': [ '4.62.0' ],
21 silly audit   '@rollup/rollup-linux-x64-musl': [ '4.62.0' ],
21 silly audit   '@rollup/rollup-openbsd-x64': [ '4.62.0' ],
21 silly audit   '@rollup/rollup-openharmony-arm64': [ '4.62.0' ],
21 silly audit   '@rollup/rollup-win32-arm64-msvc': [ '4.62.0' ],
21 silly audit   '@rollup/rollup-win32-ia32-msvc': [ '4.62.0' ],
21 silly audit   '@rollup/rollup-win32-x64-gnu': [ '4.62.0' ],
21 silly audit   '@rollup/rollup-win32-x64-msvc': [ '4.62.0' ],
21 silly audit   '@sec-ant/readable-stream': [ '0.4.1' ],
21 silly audit   '@shikijs/core': [ '4.2.0', '3.23.0' ],
21 silly audit   '@shikijs/engine-javascript': [ '4.2.0', '3.23.0' ],
21 silly audit   '@shikijs/engine-oniguruma': [ '4.2.0', '3.23.0' ],
21 silly audit   '@shikijs/langs': [ '4.2.0', '3.23.0' ],
21 silly audit   '@shikijs/primitive': [ '4.2.0' ],
21 silly audit   '@shikijs/themes': [ '4.2.0', '3.23.0' ],
21 silly audit   '@shikijs/types': [ '4.2.0', '3.23.0' ],
21 silly audit   '@shikijs/vscode-textmate': [ '10.0.2' ],
21 silly audit   '@sigma/edge-curve': [ '3.1.0' ],
21 silly audit   '@sindresorhus/merge-streams': [ '4.0.0' ],
21 silly audit   '@standard-schema/spec': [ '1.1.0' ],
21 silly audit   '@storybook/addon-a11y': [ '9.1.19' ],
21 silly audit   '@storybook/addon-docs': [ '9.1.19' ],
21 silly audit   '@storybook/addon-links': [ '9.1.19' ],
21 silly audit   '@storybook/builder-vite': [ '9.1.19' ],
21 silly audit   '@storybook/csf-plugin': [ '9.1.19' ],
21 silly audit   '@storybook/global': [ '5.0.0' ],
21 silly audit   '@storybook/icons': [ '1.6.0' ],
21 silly audit   '@storybook/react': [ '9.1.19' ],
21 silly audit   '@storybook/react-dom-shim': [ '9.1.19' ],
21 silly audit   '@storybook/react-vite': [ '9.1.19' ],
21 silly audit   '@streamdown/cjk': [ '1.0.3' ],
21 silly audit   '@streamdown/code': [ '1.1.1' ],
21 silly audit   shiki: [ '3.23.0', '4.2.0' ],
21 silly audit   '@streamdown/math': [ '1.0.2' ],
21 silly audit   '@streamdown/mermaid': [ '1.0.2' ],
21 silly audit   '@swc/helpers': [ '0.5.15' ],
21 silly audit   '@tailwindcss/node': [ '4.3.1' ],
21 silly audit   '@tailwindcss/oxide': [ '4.3.1' ],
21 silly audit   '@tailwindcss/oxide-android-arm64': [ '4.3.1' ],
21 silly audit   '@tailwindcss/oxide-darwin-arm64': [ '4.3.1' ],
21 silly audit   '@tailwindcss/oxide-darwin-x64': [ '4.3.1' ],
21 silly audit   '@tailwindcss/oxide-freebsd-x64': [ '4.3.1' ],
21 silly audit   '@tailwindcss/oxide-linux-arm-gnueabihf': [ '4.3.1' ],
21 silly audit   '@tailwindcss/oxide-linux-arm64-gnu': [ '4.3.1' ],
21 silly audit   '@tailwindcss/oxide-linux-arm64-musl': [ '4.3.1' ],
21 silly audit   '@tailwindcss/oxide-linux-x64-gnu': [ '4.3.1' ],
21 silly audit   '@tailwindcss/oxide-linux-x64-musl': [ '4.3.1' ],
21 silly audit   '@tailwindcss/oxide-wasm32-wasi': [ '4.3.1' ],
21 silly audit   '@tailwindcss/oxide-win32-arm64-msvc': [ '4.3.1' ],
21 silly audit   '@tailwindcss/oxide-win32-x64-msvc': [ '4.3.1' ],
21 silly audit   '@tailwindcss/typography': [ '0.5.20' ],
21 silly audit   '@tailwindcss/vite': [ '4.3.1' ],
21 silly audit   '@tanstack/query-core': [ '5.101.0' ],
21 silly audit   '@tanstack/react-query': [ '5.101.0' ],
21 silly audit   '@testing-library/dom': [ '10.4.1' ],
21 silly audit   '@testing-library/jest-dom': [ '6.9.1' ],
21 silly audit   'dom-accessibility-api': [ '0.6.3', '0.5.16' ],
21 silly audit   '@testing-library/react': [ '16.3.2' ],
21 silly audit   '@testing-library/user-event': [ '14.6.1' ],
21 silly audit   '@tokenlens/core': [ '1.3.0' ],
21 silly audit   '@tokenlens/fetch': [ '1.3.0' ],
21 silly audit   '@tokenlens/helpers': [ '1.3.1' ],
21 silly audit   '@tokenlens/models': [ '1.3.0' ],
21 silly audit   '@ts-morph/common': [ '0.27.0' ],
21 silly audit   'balanced-match': [ '4.0.4', '1.0.2' ],
21 silly audit   'brace-expansion': [ '5.0.6', '1.1.15', '2.1.1' ],
21 silly audit   minimatch: [ '10.2.5', '9.0.9', '3.1.5' ],
21 silly audit   '@types/aria-query': [ '5.0.4' ],
21 silly audit   '@types/babel__core': [ '7.20.5' ],
21 silly audit   '@types/babel__generator': [ '7.27.0' ],
21 silly audit   '@types/babel__template': [ '7.4.4' ],
21 silly audit   '@types/babel__traverse': [ '7.28.0' ],
21 silly audit   '@types/chai': [ '5.2.3' ],
21 silly audit   '@types/d3': [ '7.4.3' ],
21 silly audit   '@types/d3-array': [ '3.2.2' ],
21 silly audit   '@types/d3-axis': [ '3.0.6' ],
21 silly audit   '@types/d3-brush': [ '3.0.6' ],
21 silly audit   '@types/d3-chord': [ '3.0.6' ],
21 silly audit   '@types/d3-color': [ '3.1.3' ],
21 silly audit   '@types/d3-contour': [ '3.0.6' ],
21 silly audit   '@types/d3-delaunay': [ '6.0.4' ],
21 silly audit   '@types/d3-dispatch': [ '3.0.7' ],
21 silly audit   '@types/d3-drag': [ '3.0.7' ],
21 silly audit   '@types/d3-dsv': [ '3.0.7' ],
21 silly audit   '@types/d3-ease': [ '3.0.2' ],
21 silly audit   '@types/d3-fetch': [ '3.0.7' ],
21 silly audit   '@types/d3-force': [ '3.0.10' ],
21 silly audit   '@types/d3-format': [ '1.4.5' ],
21 silly audit   '@types/d3-geo': [ '3.1.0' ],
21 silly audit   '@types/d3-hierarchy': [ '3.1.7' ],
21 silly audit   '@types/d3-interpolate': [ '3.0.4' ],
21 silly audit   '@types/d3-path': [ '3.1.1' ],
21 silly audit   '@types/d3-polygon': [ '3.0.2' ],
21 silly audit   '@types/d3-quadtree': [ '3.0.6' ],
21 silly audit   '@types/d3-random': [ '3.0.3' ],
21 silly audit   '@types/d3-scale': [ '4.0.9' ],
21 silly audit   '@types/d3-scale-chromatic': [ '3.1.0' ],
21 silly audit   '@types/d3-selection': [ '3.0.11' ],
21 silly audit   '@types/d3-shape': [ '3.1.8' ],
21 silly audit   '@types/d3-time': [ '1.1.4' ],
21 silly audit   '@types/d3-timer': [ '3.0.2' ],
21 silly audit   '@types/d3-transition': [ '3.0.9' ],
21 silly audit   '@types/d3-zoom': [ '3.0.8' ],
21 silly audit   '@types/debug': [ '4.1.13' ],
21 silly audit   '@types/deep-eql': [ '4.0.2' ],
21 silly audit   '@types/doctrine': [ '0.0.9' ],
21 silly audit   '@types/dompurify': [ '3.2.0' ],
21 silly audit   '@types/estree': [ '1.0.9' ],
21 silly audit   '@types/estree-jsx': [ '1.0.5' ],
21 silly audit   '@types/geojson': [ '7946.0.16' ],
21 silly audit   '@types/hast': [ '3.0.4', '2.3.10' ],
21 silly audit   '@types/history': [ '4.7.11' ],
21 silly audit   '@types/json-schema': [ '7.0.15' ],
21 silly audit   '@types/katex': [ '0.16.8' ],
21 silly audit   '@types/lodash': [ '4.17.24' ],
21 silly audit   '@types/mdast': [ '4.0.4' ],
21 silly audit   '@types/mdx': [ '2.0.14' ],
21 silly audit   '@types/ms': [ '2.1.0' ],
21 silly audit   '@types/node': [ '25.9.3' ],
21 silly audit   '@types/prop-types': [ '15.7.15' ],
21 silly audit   '@types/react': [ '19.2.17', '18.3.31' ],
21 silly audit   '@types/react-dom': [ '19.2.3', '18.3.7' ],
21 silly audit   '@types/react-router': [ '5.1.20' ],
21 silly audit   '@types/react-router-dom': [ '5.3.3' ],
21 silly audit   '@types/react-syntax-highlighter': [ '15.5.13' ],
21 silly audit   '@types/resolve': [ '1.20.6' ],
21 silly audit   '@types/set-cookie-parser': [ '2.4.10' ],
21 silly audit   '@types/statuses': [ '2.0.6' ],
21 silly audit   '@types/trusted-types': [ '2.0.7' ],
21 silly audit   '@types/unist': [ '3.0.3', '2.0.11' ],
21 silly audit   '@types/validate-npm-package-name': [ '4.0.2' ],
21 silly audit   '@typescript-eslint/eslint-plugin': [ '8.61.1' ],
21 silly audit   ignore: [ '7.0.5', '5.3.2' ],
21 silly audit   '@typescript-eslint/parser': [ '8.61.1' ],
21 silly audit   '@typescript-eslint/project-service': [ '8.61.1' ],
21 silly audit   '@typescript-eslint/scope-manager': [ '8.61.1' ],
21 silly audit   '@typescript-eslint/tsconfig-utils': [ '8.61.1' ],
21 silly audit   '@typescript-eslint/type-utils': [ '8.61.1' ],
21 silly audit   '@typescript-eslint/types': [ '8.61.1' ],
21 silly audit   '@typescript-eslint/typescript-estree': [ '8.61.1' ],
21 silly audit   semver: [ '7.8.4', '6.3.1' ],
21 silly audit   '@typescript-eslint/utils': [ '8.61.1' ],
21 silly audit   '@typescript-eslint/visitor-keys': [ '8.61.1' ],
21 silly audit   '@ungap/structured-clone': [ '1.3.1' ],
21 silly audit   '@upsetjs/venn.js': [ '2.0.0' ],
21 silly audit   '@vercel/oidc': [ '3.2.0' ],
21 silly audit   '@vitejs/plugin-react': [ '5.2.0' ],
21 silly audit   '@vitest/expect': [ '3.2.4', '4.1.9' ],
21 silly audit   '@vitest/mocker': [ '3.2.4', '4.1.9' ],
21 silly audit   'estree-walker': [ '3.0.3', '2.0.2' ],
21 silly audit   '@vitest/pretty-format': [ '3.2.4', '4.1.9' ],
21 silly audit   '@vitest/runner': [ '4.1.9' ],
21 silly audit   '@vitest/utils': [ '4.1.9', '3.2.4' ],
21 silly audit   tinyrainbow: [ '3.1.0', '2.0.0' ],
21 silly audit   '@vitest/snapshot': [ '4.1.9' ],
21 silly audit   '@vitest/spy': [ '3.2.4', '4.1.9' ],
21 silly audit   '@xyflow/react': [ '12.11.0' ],
21 silly audit   zustand: [ '4.5.7', '5.0.14' ],
21 silly audit   '@xyflow/system': [ '0.0.77' ],
21 silly audit   accepts: [ '2.0.0' ],
21 silly audit   acorn: [ '8.17.0' ],
21 silly audit   'acorn-jsx': [ '5.3.2' ],
21 silly audit   'agent-base': [ '7.1.4' ],
21 silly audit   ai: [ '6.0.208' ],
21 silly audit   'ajv-formats': [ '3.0.1', '2.1.1' ],
21 silly audit   anser: [ '2.3.5' ],
21 silly audit   'ansi-colors': [ '4.1.3' ],
21 silly audit   'ansi-regex': [ '5.0.1', '6.2.2' ],
21 silly audit   'ansi-styles': [ '4.3.0', '5.2.0', '6.2.3' ],
21 silly audit   'ansi-to-react': [ '6.2.6' ],
21 silly audit   ansis: [ '4.3.1' ],
21 silly audit   argparse: [ '2.0.1' ],
21 silly audit   'aria-hidden': [ '1.2.6' ],
21 silly audit   'aria-query': [ '5.3.0' ],
21 silly audit   'assertion-error': [ '2.0.1' ],
21 silly audit   'ast-types': [ '0.16.1' ],
21 silly audit   atomically: [ '1.7.0' ],
21 silly audit   'axe-core': [ '4.12.1' ],
21 silly audit   bail: [ '2.0.2' ],
21 silly audit   'baseline-browser-mapping': [ '2.10.38' ],
21 silly audit   'better-opn': [ '3.0.2' ],
21 silly audit   'bidi-js': [ '1.0.3' ],
21 silly audit   'body-parser': [ '2.3.0' ],
21 silly audit   'content-type': [ '2.0.0', '1.0.5' ],
21 silly audit   braces: [ '3.0.3' ],
21 silly audit   browserslist: [ '4.28.2' ],
21 silly audit   'bundle-name': [ '4.1.0' ],
21 silly audit   bytes: [ '3.1.2' ],
21 silly audit   'call-bind-apply-helpers': [ '1.0.2' ],
21 silly audit   'call-bound': [ '1.0.4' ],
21 silly audit   callsites: [ '3.1.0' ],
21 silly audit   'caniuse-lite': [ '1.0.30001799' ],
21 silly audit   ccount: [ '2.0.1' ],
21 silly audit   'ce-la-react': [ '0.3.2' ],
21 silly audit   chai: [ '5.3.3', '6.2.2' ],
21 silly audit   chalk: [ '4.1.2', '5.6.2' ],
21 silly audit   'character-entities': [ '2.0.2', '1.2.4' ],
21 silly audit   'character-entities-html4': [ '2.1.0' ],
21 silly audit   'character-entities-legacy': [ '3.0.0', '1.1.4' ],
21 silly audit   'character-reference-invalid': [ '2.0.1', '1.1.4' ],
21 silly audit   'check-error': [ '2.1.3' ],
21 silly audit   'class-variance-authority': [ '0.7.1' ],
21 silly audit   classcat: [ '5.0.5' ],
21 silly audit   'cli-cursor': [ '5.0.0' ],
21 silly audit   'cli-spinners': [ '2.9.2' ],
21 silly audit   'cli-width': [ '4.1.0' ],
21 silly audit   'client-only': [ '0.0.1' ],
21 silly audit   cliui: [ '8.0.1' ],
21 silly audit   'emoji-regex': [ '8.0.0', '9.2.2', '10.6.0' ],
21 silly audit   'string-width': [ '4.2.3', '7.2.0', '5.1.2' ],
21 silly audit   'strip-ansi': [ '6.0.1', '7.2.0' ],
21 silly audit   'wrap-ansi': [ '7.0.0', '8.1.0' ],
21 silly audit   clsx: [ '2.1.1' ],
21 silly audit   cmdk: [ '1.1.1' ],
21 silly audit   'code-block-writer': [ '13.0.3' ],
21 silly audit   'color-convert': [ '2.0.1' ],
21 silly audit   'color-name': [ '1.1.4' ],
21 silly audit   'comma-separated-tokens': [ '2.0.3', '1.0.8' ],
21 silly audit   'concat-map': [ '0.0.1' ],
21 silly audit   conf: [ '10.2.0' ],
21 silly audit   'json-schema-typed': [ '7.0.3', '8.0.2' ],
21 silly audit   'content-disposition': [ '1.1.0' ],
21 silly audit   'convert-source-map': [ '2.0.0' ],
21 silly audit   cookie: [ '0.7.2', '1.1.1' ],
21 silly audit   'cookie-signature': [ '1.2.2' ],
21 silly audit   cors: [ '2.8.6' ],
21 silly audit   'cose-base': [ '1.0.3', '2.2.0' ],
21 silly audit   cosmiconfig: [ '9.0.2' ],
21 silly audit   'cross-spawn': [ '7.0.6' ],
21 silly audit   'css.escape': [ '1.5.1' ],
21 silly audit   cssesc: [ '3.0.0' ],
21 silly audit   csstype: [ '3.2.3' ],
21 silly audit   cytoscape: [ '3.34.0' ],
21 silly audit   'cytoscape-cose-bilkent': [ '4.1.0' ],
21 silly audit   'cytoscape-fcose': [ '2.2.0' ],
21 silly audit   'layout-base': [ '2.0.1', '1.0.2' ],
21 silly audit   d3: [ '7.9.0' ],
21 silly audit   'd3-array': [ '3.2.4', '2.12.1' ],
21 silly audit   'd3-axis': [ '3.0.0' ],
21 silly audit   'd3-brush': [ '3.0.0' ],
21 silly audit   'd3-chord': [ '3.0.1' ],
21 silly audit   'd3-color': [ '3.1.0' ],
21 silly audit   'd3-contour': [ '4.0.2' ],
21 silly audit   'd3-delaunay': [ '6.0.4' ],
21 silly audit   'd3-dispatch': [ '3.0.1' ],
21 silly audit   'd3-drag': [ '3.0.0' ],
21 silly audit   'd3-dsv': [ '3.0.1' ],
21 silly audit   'iconv-lite': [ '0.6.3', '0.7.2' ],
21 silly audit   'd3-ease': [ '3.0.1' ],
21 silly audit   'd3-fetch': [ '3.0.1' ],
21 silly audit   'd3-force': [ '3.0.0' ],
21 silly audit   'd3-format': [ '1.4.5', '3.1.2' ],
21 silly audit   'd3-geo': [ '3.1.1' ],
21 silly audit   'd3-hierarchy': [ '3.1.2' ],
21 silly audit   'd3-interpolate': [ '3.0.1' ],
21 silly audit   'd3-path': [ '3.1.0', '1.0.9' ],
21 silly audit   'd3-polygon': [ '3.0.1' ],
21 silly audit   'd3-quadtree': [ '3.0.1' ],
21 silly audit   'd3-random': [ '3.0.1' ],
21 silly audit   'd3-sankey': [ '0.12.3' ],
21 silly audit   'd3-shape': [ '1.3.7', '3.2.0' ],
21 silly audit   internmap: [ '1.0.1', '2.0.3' ],
21 silly audit   'd3-scale': [ '4.0.2' ],
21 silly audit   'd3-scale-chromatic': [ '3.1.0' ],
21 silly audit   'd3-time': [ '3.1.0', '1.1.0' ],
21 silly audit   'd3-selection': [ '3.0.0' ],
21 silly audit   'd3-time-format': [ '3.0.0', '4.1.0' ],
21 silly audit   'd3-timer': [ '3.0.1' ],
21 silly audit   'd3-transition': [ '3.0.1' ],
21 silly audit   'd3-zoom': [ '3.0.0' ],
21 silly audit   'dagre-d3-es': [ '7.0.14' ],
21 silly audit   'data-uri-to-buffer': [ '4.0.1' ],
21 silly audit   'data-urls': [ '7.0.0' ],
21 silly audit   dayjs: [ '1.11.21' ],
21 silly audit   'debounce-fn': [ '4.0.0' ],
21 silly audit   debug: [ '4.4.3' ],
21 silly audit   'decimal.js': [ '10.6.0' ],
21 silly audit   'decode-named-character-reference': [ '1.3.0' ],
21 silly audit   dedent: [ '1.7.2' ],
21 silly audit   'deep-eql': [ '5.0.2' ],
21 silly audit   'deep-is': [ '0.1.4' ],
21 silly audit   deepmerge: [ '4.3.1' ],
21 silly audit   'default-browser': [ '5.5.0' ],
21 silly audit   'default-browser-id': [ '5.0.1' ],
21 silly audit   delaunator: [ '5.1.0' ],
21 silly audit   depd: [ '2.0.0' ],
21 silly audit   dequal: [ '2.0.3' ],
21 silly audit   'detect-libc': [ '2.1.2' ],
21 silly audit   'detect-node-es': [ '1.1.0' ],
21 silly audit   devlop: [ '1.1.0' ],
21 silly audit   diff: [ '8.0.4' ],
21 silly audit   doctrine: [ '3.0.0' ],
21 silly audit   dompurify: [ '3.4.11' ],
21 silly audit   'dot-prop': [ '6.0.1' ],
21 silly audit   dotenv: [ '17.4.2' ],
21 silly audit   'dunder-proto': [ '1.0.1' ],
21 silly audit   eastasianwidth: [ '0.2.0' ],
21 silly audit   eciesjs: [ '0.4.18' ],
21 silly audit   'ee-first': [ '1.1.1' ],
21 silly audit   'electron-to-chromium': [ '1.5.375' ],
21 silly audit   elkjs: [ '0.11.1' ],
21 silly audit   'embla-carousel': [ '8.6.0' ],
21 silly audit   'embla-carousel-react': [ '8.6.0' ],
21 silly audit   'embla-carousel-reactive-utils': [ '8.6.0' ],
21 silly audit   encodeurl: [ '2.0.0' ],
21 silly audit   'enhanced-resolve': [ '5.21.6' ],
21 silly audit   enquirer: [ '2.4.1' ],
21 silly audit   entities: [ '8.0.0', '6.0.1' ],
21 silly audit   'env-paths': [ '2.2.1' ],
21 silly audit   'error-ex': [ '1.3.4' ],
21 silly audit   'es-define-property': [ '1.0.1' ],
21 silly audit   'es-errors': [ '1.3.0' ],
21 silly audit   'es-module-lexer': [ '2.1.0' ],
21 silly audit   'es-object-atoms': [ '1.1.2' ],
21 silly audit   'es-toolkit': [ '1.47.1' ],
21 silly audit   esbuild: [ '0.25.12', '0.28.1', '0.27.7' ],
21 silly audit   'esbuild-register': [ '3.6.0' ],
21 silly audit   escalade: [ '3.2.0' ],
21 silly audit   'escape-carriage': [ '1.3.1' ],
21 silly audit   'escape-html': [ '1.0.3' ],
21 silly audit   'escape-string-regexp': [ '4.0.0', '5.0.0' ],
21 silly audit   eslint: [ '9.39.4' ],
21 silly audit   'eslint-plugin-react-hooks': [ '7.1.1' ],
21 silly audit   'eslint-plugin-react-refresh': [ '0.4.26' ],
21 silly audit   'eslint-plugin-storybook': [ '9.1.19' ],
21 silly audit   'eslint-scope': [ '8.4.0' ],
21 silly audit   'find-up': [ '5.0.0', '7.0.0', '3.0.0' ],
21 silly audit   'locate-path': [ '6.0.0', '7.2.0', '3.0.0' ],
21 silly audit   'p-limit': [ '3.1.0', '4.0.0', '2.3.0' ],
21 silly audit   'p-locate': [ '5.0.0', '6.0.0', '3.0.0' ],
21 silly audit   'path-exists': [ '4.0.0', '5.0.0', '3.0.0' ],
21 silly audit   'yocto-queue': [ '0.1.0', '1.2.2' ],
21 silly audit   espree: [ '10.4.0' ],
21 silly audit   esprima: [ '4.0.1' ],
21 silly audit   esquery: [ '1.7.0' ],
21 silly audit   esrecurse: [ '4.3.0' ],
21 silly audit   estraverse: [ '5.3.0' ],
21 silly audit   'estree-util-is-identifier-name': [ '3.0.0' ],
21 silly audit   esutils: [ '2.0.3' ],
21 silly audit   etag: [ '1.8.1' ],
21 silly audit   events: [ '3.3.0' ],
21 silly audit   eventsource: [ '3.0.7' ],
21 silly audit   'eventsource-parser': [ '3.1.0' ],
21 silly audit   'expect-type': [ '1.3.0' ],
21 silly audit   express: [ '5.2.1' ],
21 silly audit   'express-rate-limit': [ '8.5.2' ],
21 silly audit   extend: [ '3.0.2' ],
21 silly audit   'fast-deep-equal': [ '3.1.3' ],
21 silly audit   'fast-glob': [ '3.3.3' ],
21 silly audit   'glob-parent': [ '5.1.2', '6.0.2' ],
21 silly audit   'fast-json-stable-stringify': [ '2.1.0' ],
21 silly audit   'fast-levenshtein': [ '2.0.6' ],
21 silly audit   'fast-string-truncated-width': [ '3.0.3' ],
21 silly audit   'fast-string-width': [ '3.0.2' ],
21 silly audit   'fast-uri': [ '3.1.2' ],
21 silly audit   'fast-wrap-ansi': [ '0.2.2' ],
21 silly audit   fastq: [ '1.20.1' ],
21 silly audit   fault: [ '1.0.4' ],
21 silly audit   fdir: [ '6.5.0' ],
21 silly audit   'fetch-blob': [ '3.2.0' ],
21 silly audit   figures: [ '6.1.0' ],
21 silly audit   'file-entry-cache': [ '8.0.0' ],
21 silly audit   'fill-range': [ '7.1.1' ],
21 silly audit   finalhandler: [ '2.1.1' ],
21 silly audit   'flat-cache': [ '4.0.1' ],
21 silly audit   flatted: [ '3.4.2' ],
21 silly audit   'foreground-child': [ '3.3.1' ],
21 silly audit   format: [ '0.2.2' ],
21 silly audit   'formdata-polyfill': [ '4.0.10' ],
21 silly audit   forwarded: [ '0.2.0' ],
21 silly audit   'framer-motion': [ '12.40.0' ],
21 silly audit   fresh: [ '2.0.0' ],
21 silly audit   'fs-extra': [ '11.3.5' ],
21 silly audit   fsevents: [ '2.3.3' ],
21 silly audit   'function-bind': [ '1.1.2' ],
21 silly audit   fuzzysort: [ '3.1.0' ],
21 silly audit   fzf: [ '0.5.2' ],
21 silly audit   geist: [ '1.7.2' ],
21 silly audit   gensync: [ '1.0.0-beta.2' ],
21 silly audit   'get-caller-file': [ '2.0.5' ],
21 silly audit   'get-east-asian-width': [ '1.6.0' ],
21 silly audit   'get-intrinsic': [ '1.3.0' ],
21 silly audit   'get-nonce': [ '1.0.1' ],
21 silly audit   'get-own-enumerable-keys': [ '1.0.0' ],
21 silly audit   'get-proto': [ '1.0.1' ],
21 silly audit   glob: [ '10.5.0' ],
21 silly audit   gopd: [ '1.2.0' ],
21 silly audit   'graceful-fs': [ '4.2.11' ],
21 silly audit   graphology: [ '0.26.0' ],
21 silly audit   'graphology-communities-louvain': [ '2.0.2' ],
21 silly audit   'graphology-indices': [ '0.17.0' ],
21 silly audit   'graphology-layout-forceatlas2': [ '0.10.1' ],
21 silly audit   'graphology-layout-noverlap': [ '0.4.2' ],
21 silly audit   'graphology-types': [ '0.24.8' ],
21 silly audit   'graphology-utils': [ '2.5.2' ],
21 silly audit   graphql: [ '16.14.2' ],
21 silly audit   'hachure-fill': [ '0.5.2' ],
21 silly audit   'has-flag': [ '4.0.0' ],
21 silly audit   'has-symbols': [ '1.1.0' ],
21 silly audit   hasown: [ '2.0.4' ],
21 silly audit   'hast-util-from-dom': [ '5.0.1' ],
21 silly audit   'hast-util-parse-selector': [ '4.0.0', '2.2.5' ],
21 silly audit   hastscript: [ '9.0.1', '6.0.0' ],
21 silly audit   'hast-util-from-html': [ '2.0.3' ],
21 silly audit   'hast-util-from-html-isomorphic': [ '2.0.0' ],
21 silly audit   parse5: [ '7.3.0', '8.0.1' ],
21 silly audit   'hast-util-from-parse5': [ '8.0.3' ],
21 silly audit   'hast-util-is-element': [ '3.0.0' ],
21 silly audit   'hast-util-raw': [ '9.1.0' ],
21 silly audit   'hast-util-sanitize': [ '5.0.2' ],
21 silly audit   'hast-util-to-html': [ '9.0.5' ],
21 silly audit   'hast-util-to-jsx-runtime': [ '2.3.6' ],
21 silly audit   'hast-util-to-parse5': [ '8.0.1' ],
21 silly audit   'hast-util-to-text': [ '4.0.2' ],
21 silly audit   'hast-util-whitespace': [ '3.0.0' ],
21 silly audit   'property-information': [ '5.6.0', '7.2.0' ],
21 silly audit   'space-separated-tokens': [ '1.1.5', '2.0.2' ],
21 silly audit   'headers-polyfill': [ '5.0.1' ],
21 silly audit   'set-cookie-parser': [ '3.1.0', '2.7.2' ],
21 silly audit   'hermes-estree': [ '0.25.1' ],
21 silly audit   'hermes-parser': [ '0.25.1' ],
21 silly audit   'highlight.js': [ '10.7.3', '11.11.1' ],
21 silly audit   'highlightjs-vue': [ '1.0.0' ],
21 silly audit   hono: [ '4.12.26' ],
21 silly audit   'html-encoding-sniffer': [ '6.0.0' ],
21 silly audit   'html-url-attributes': [ '3.0.1' ],
21 silly audit   'html-void-elements': [ '3.0.0' ],
21 silly audit   'http-errors': [ '2.0.1' ],
21 silly audit   'https-proxy-agent': [ '7.0.6' ],
21 silly audit   'import-fresh': [ '3.3.1' ],
21 silly audit   'import-meta-resolve': [ '4.2.0' ],
21 silly audit   imurmurhash: [ '0.1.4' ],
21 silly audit   'indent-string': [ '4.0.0' ],
21 silly audit   inherits: [ '2.0.4' ],
21 silly audit   'inline-style-parser': [ '0.2.7' ],
21 silly audit   'ip-address': [ '10.2.0' ],
21 silly audit   'ipaddr.js': [ '1.9.1' ],
21 silly audit   'is-alphabetical': [ '2.0.1', '1.0.4' ],
21 silly audit   'is-alphanumerical': [ '2.0.1', '1.0.4' ],
21 silly audit   'is-arrayish': [ '0.2.1' ],
21 silly audit   'is-core-module': [ '2.16.2' ],
21 silly audit   'is-decimal': [ '2.0.1', '1.0.4' ],
21 silly audit   'is-extglob': [ '2.1.1' ],
21 silly audit   'is-fullwidth-code-point': [ '3.0.0' ],
21 silly audit   'is-glob': [ '4.0.3' ],
21 silly audit   'is-hexadecimal': [ '2.0.1', '1.0.4' ],
21 silly audit   'is-in-ssh': [ '1.0.0' ],
21 silly audit   'is-inside-container': [ '1.0.0' ],
21 silly audit   'is-interactive': [ '2.0.0' ],
21 silly audit   'is-node-process': [ '1.2.0' ],
21 silly audit   'is-number': [ '7.0.0' ],
21 silly audit   'is-obj': [ '2.0.0', '3.0.0' ],
21 silly audit   'is-plain-obj': [ '4.1.0' ],
21 silly audit   'is-potential-custom-element-name': [ '1.0.1' ],
21 silly audit   'is-promise': [ '4.0.0' ],
21 silly audit   'is-regexp': [ '3.1.0' ],
21 silly audit   'is-unicode-supported': [ '2.1.0', '1.3.0' ],
21 silly audit   jackspeak: [ '3.4.3' ],
21 silly audit   jiti: [ '2.7.0' ],
21 silly audit   jose: [ '6.2.3' ],
21 silly audit   'js-tokens': [ '4.0.0' ],
21 silly audit   'js-yaml': [ '4.2.0' ],
21 silly audit   jsdom: [ '29.1.1' ],
21 silly audit   'lru-cache': [ '11.5.1', '5.1.1', '10.4.3' ],
21 silly audit   jsesc: [ '3.1.0' ],
21 silly audit   'json-buffer': [ '3.0.1' ],
21 silly audit   'json-parse-even-better-errors': [ '2.3.1' ],
21 silly audit   'json-schema': [ '0.4.0' ],
21 silly audit   'json-schema-to-typescript': [ '15.0.4' ],
21 silly audit   'json-stable-stringify-without-jsonify': [ '1.0.1' ],
21 silly audit   json5: [ '2.2.3' ],
21 silly audit   jsonfile: [ '6.2.1' ],
21 silly audit   katex: [ '0.16.47' ],
21 silly audit   keyv: [ '4.5.4' ],
21 silly audit   khroma: [ '2.1.0' ],
21 silly audit   kleur: [ '4.1.5', '3.0.3' ],
21 silly audit   levn: [ '0.4.1' ],
21 silly audit   lightningcss: [ '1.32.0' ],
21 silly audit   'lightningcss-android-arm64': [ '1.32.0' ],
21 silly audit   'lightningcss-darwin-arm64': [ '1.32.0' ],
21 silly audit   'lightningcss-darwin-x64': [ '1.32.0' ],
21 silly audit   'lightningcss-freebsd-x64': [ '1.32.0' ],
21 silly audit   'lightningcss-linux-arm-gnueabihf': [ '1.32.0' ],
21 silly audit   'lightningcss-linux-arm64-gnu': [ '1.32.0' ],
21 silly audit   'lightningcss-linux-arm64-musl': [ '1.32.0' ],
21 silly audit   'lightningcss-linux-x64-gnu': [ '1.32.0' ],
21 silly audit   'lightningcss-linux-x64-musl': [ '1.32.0' ],
21 silly audit   'lightningcss-win32-arm64-msvc': [ '1.32.0' ],
21 silly audit   'lightningcss-win32-x64-msvc': [ '1.32.0' ],
21 silly audit   'lines-and-columns': [ '1.2.4' ],
21 silly audit   'linkify-it': [ '3.0.3' ],
21 silly audit   lodash: [ '4.18.1' ],
21 silly audit   'lodash-es': [ '4.18.1' ],
21 silly audit   'lodash.merge': [ '4.6.2' ],
21 silly audit   'log-symbols': [ '6.0.0' ],
21 silly audit   'longest-streak': [ '3.1.0' ],
21 silly audit   loupe: [ '3.2.1' ],
21 silly audit   lowlight: [ '1.20.0', '3.3.0' ],
21 silly audit   'lucide-react': [ '1.21.0' ],
21 silly audit   'lz-string': [ '1.5.0' ],
21 silly audit   'magic-string': [ '0.30.21' ],
21 silly audit   'markdown-table': [ '3.0.4' ],
21 silly audit   marked: [ '16.4.2', '17.0.6' ],
21 silly audit   'math-intrinsics': [ '1.1.0' ],
21 silly audit   'mdast-util-find-and-replace': [ '3.0.2' ],
21 silly audit   'mdast-util-from-markdown': [ '2.0.3' ],
21 silly audit   'mdast-util-gfm': [ '3.1.0' ],
21 silly audit   'mdast-util-gfm-autolink-literal': [ '2.0.1' ],
21 silly audit   'mdast-util-gfm-footnote': [ '2.1.0' ],
21 silly audit   'mdast-util-gfm-strikethrough': [ '2.0.0' ],
21 silly audit   'mdast-util-gfm-table': [ '2.0.0' ],
21 silly audit   'mdast-util-gfm-task-list-item': [ '2.0.0' ],
21 silly audit   'mdast-util-math': [ '3.0.0' ],
21 silly audit   'mdast-util-mdx-expression': [ '2.0.1' ],
21 silly audit   'mdast-util-mdx-jsx': [ '3.2.0' ],
21 silly audit   'mdast-util-mdxjs-esm': [ '2.0.1' ],
21 silly audit   'mdast-util-phrasing': [ '4.1.0' ],
21 silly audit   'mdast-util-to-hast': [ '13.2.1' ],
21 silly audit   'mdast-util-to-markdown': [ '2.1.2' ],
21 silly audit   'mdast-util-to-markdown-cjk-friendly': [ '1.0.0' ],
21 silly audit   'mdast-util-to-markdown-cjk-friendly-gfm-strikethrough': [ '1.0.0' ],
21 silly audit   'mdast-util-to-string': [ '4.0.0' ],
21 silly audit   'mdn-data': [ '2.27.1' ],
21 silly audit   'media-chrome': [ '4.19.2' ],
21 silly audit   'media-typer': [ '1.1.0' ],
21 silly audit   'merge-descriptors': [ '2.0.0' ],
21 silly audit   'merge-stream': [ '2.0.0' ],
21 silly audit   merge2: [ '1.4.1' ],
21 silly audit   mermaid: [ '11.15.0' ],
21 silly audit   micromark: [ '4.0.2' ],
21 silly audit   'micromark-core-commonmark': [ '2.0.3' ],
21 silly audit   'micromark-extension-cjk-friendly': [ '2.0.1' ],
21 silly audit   'micromark-extension-cjk-friendly-gfm-strikethrough': [ '2.0.1' ],
21 silly audit   'micromark-extension-cjk-friendly-util': [ '3.0.1' ],
21 silly audit   'micromark-extension-gfm': [ '3.0.0' ],
21 silly audit   'micromark-extension-gfm-autolink-literal': [ '2.1.0' ],
21 silly audit   'micromark-extension-gfm-footnote': [ '2.1.0' ],
21 silly audit   'micromark-extension-gfm-strikethrough': [ '2.1.0' ],
21 silly audit   'micromark-extension-gfm-table': [ '2.1.1' ],
21 silly audit   'micromark-extension-gfm-tagfilter': [ '2.0.0' ],
21 silly audit   'micromark-extension-gfm-task-list-item': [ '2.1.0' ],
21 silly audit   'micromark-extension-math': [ '3.1.0' ],
21 silly audit   'micromark-factory-destination': [ '2.0.1' ],
21 silly audit   'micromark-factory-label': [ '2.0.1' ],
21 silly audit   'micromark-factory-space': [ '2.0.1' ],
21 silly audit   'micromark-factory-title': [ '2.0.1' ],
21 silly audit   'micromark-factory-whitespace': [ '2.0.1' ],
21 silly audit   'micromark-util-character': [ '2.1.1' ],
21 silly audit   'micromark-util-chunked': [ '2.0.1' ],
21 silly audit   'micromark-util-classify-character': [ '2.0.1' ],
21 silly audit   'micromark-util-combine-extensions': [ '2.0.1' ],
21 silly audit   'micromark-util-decode-numeric-character-reference': [ '2.0.2' ],
21 silly audit   'micromark-util-decode-string': [ '2.0.1' ],
21 silly audit   'micromark-util-encode': [ '2.0.1' ],
21 silly audit   'micromark-util-html-tag-name': [ '2.0.1' ],
21 silly audit   'micromark-util-normalize-identifier': [ '2.0.1' ],
21 silly audit   'micromark-util-resolve-all': [ '2.0.1' ],
21 silly audit   'micromark-util-sanitize-uri': [ '2.0.1' ],
21 silly audit   'micromark-util-subtokenize': [ '2.1.0' ],
21 silly audit   'micromark-util-symbol': [ '2.0.1' ],
21 silly audit   'micromark-util-types': [ '2.0.2' ],
21 silly audit   micromatch: [ '4.0.8' ],
21 silly audit   picomatch: [ '2.3.2', '4.0.4' ],
21 silly audit   'mime-db': [ '1.54.0' ],
21 silly audit   'mime-types': [ '3.0.2' ],
21 silly audit   'mimic-fn': [ '3.1.0', '2.1.0' ],
21 silly audit   'mimic-function': [ '5.0.1' ],
21 silly audit   'min-indent': [ '1.0.1' ],
21 silly audit   minimist: [ '1.2.8' ],
21 silly audit   minipass: [ '7.1.3' ],
21 silly audit   mnemonist: [ '0.39.8' ],
21 silly audit   motion: [ '12.40.0' ],
21 silly audit   'motion-dom': [ '12.40.0' ],
21 silly audit   'motion-utils': [ '12.39.0' ],
21 silly audit   ms: [ '2.1.3' ],
21 silly audit   msw: [ '2.14.6' ],
21 silly audit   'path-to-regexp': [ '6.3.0', '8.4.2' ],
21 silly audit   'mute-stream': [ '3.0.0' ],
21 silly audit   nanoid: [ '5.1.14', '3.3.13' ],
21 silly audit   'natural-compare': [ '1.4.0' ],
21 silly audit   negotiator: [ '1.0.0' ],
21 silly audit   next: [ '16.2.9' ],
21 silly audit   'node-domexception': [ '1.0.0' ],
21 silly audit   'node-fetch': [ '3.3.2' ],
21 silly audit   'node-releases': [ '2.0.48' ],
21 silly audit   'path-key': [ '4.0.0', '3.1.1' ],
21 silly audit   'unicorn-magic': [ '0.3.0', '0.1.0' ],
21 silly audit   'object-assign': [ '4.1.1' ],
21 silly audit   'object-inspect': [ '1.13.4' ],
21 silly audit   'object-treeify': [ '1.1.33' ],
21 silly audit   obliterator: [ '2.0.5' ],
21 silly audit   obug: [ '2.1.3' ],
21 silly audit   'on-finished': [ '2.4.1' ],
21 silly audit   once: [ '1.4.0' ],
21 silly audit   onetime: [ '5.1.2', '7.0.0' ],
21 silly audit   'oniguruma-parser': [ '0.12.2' ],
21 silly audit   'oniguruma-to-es': [ '4.3.6' ],
21 silly audit   optionator: [ '0.9.4' ],
21 silly audit   ora: [ '8.2.0' ],
21 silly audit   outvariant: [ '1.4.3' ],
21 silly audit   'p-try': [ '2.2.0' ],
21 silly audit   'package-json-from-dist': [ '1.0.1' ],
21 silly audit   'package-manager-detector': [ '1.6.0' ],
21 silly audit   pandemonium: [ '2.4.1' ],
21 silly audit   'parent-module': [ '1.0.1' ],
21 silly audit   'parse-entities': [ '4.0.2', '2.0.0' ],
21 silly audit   'parse-json': [ '5.2.0' ],
21 silly audit   'parse-ms': [ '4.0.0' ],
21 silly audit   parseurl: [ '1.3.3' ],
21 silly audit   'path-browserify': [ '1.0.1' ],
21 silly audit   'path-data-parser': [ '0.1.0' ],
21 silly audit   'path-parse': [ '1.0.7' ],
21 silly audit   'path-scurry': [ '1.11.1' ],
21 silly audit   pathe: [ '2.0.3' ],
21 silly audit   pathval: [ '2.0.1' ],
21 silly audit   picocolors: [ '1.1.1' ],
21 silly audit   'pkce-challenge': [ '5.0.1' ],
21 silly audit   'pkg-up': [ '3.1.0' ],
21 silly audit   'points-on-curve': [ '0.2.0' ],
21 silly audit   'points-on-path': [ '0.2.1' ],
21 silly audit   postcss: [ '8.4.31', '8.5.15' ],
21 silly audit   'postcss-selector-parser': [ '6.0.10', '7.1.4' ],
21 silly audit   'powershell-utils': [ '0.1.0' ],
21 silly audit   'prelude-ls': [ '1.2.1' ],
21 silly audit   prettier: [ '3.8.4' ],
21 silly audit   'pretty-format': [ '27.5.1' ],
21 silly audit   'pretty-ms': [ '9.3.0' ],
21 silly audit   prismjs: [ '1.30.0', '1.27.0' ],
21 silly audit   prompts: [ '2.4.2' ],
21 silly audit   'proxy-addr': [ '2.0.7' ],
21 silly audit   punycode: [ '2.3.1' ],
21 silly audit   qs: [ '6.15.2' ],
21 silly audit   'queue-microtask': [ '1.2.3' ],
21 silly audit   'radix-ui': [ '1.6.0' ],
21 silly audit   'range-parser': [ '1.2.1' ],
21 silly audit   'raw-body': [ '3.0.2' ],
21 silly audit   react: [ '19.2.7' ],
21 silly audit   'react-docgen': [ '8.0.3' ],
21 silly audit   'react-docgen-typescript': [ '2.4.0' ],
21 silly audit   'react-dom': [ '19.2.7' ],
21 silly audit   'react-is': [ '17.0.2' ],
21 silly audit   'react-jsx-parser': [ '2.4.1' ],
21 silly audit   'react-markdown': [ '9.1.0' ],
21 silly audit   'react-refresh': [ '0.18.0' ],
21 silly audit   'react-remove-scroll': [ '2.7.2' ],
21 silly audit   'react-remove-scroll-bar': [ '2.3.8' ],
21 silly audit   'react-router': [ '7.18.0' ],
21 silly audit   'react-router-dom': [ '7.18.0' ],
21 silly audit   'react-style-singleton': [ '2.2.3' ],
21 silly audit   'react-syntax-highlighter': [ '15.6.6' ],
21 silly audit   'react-virtualized-auto-sizer': [ '1.0.26' ],
21 silly audit   recast: [ '0.23.11' ],
21 silly audit   redent: [ '3.0.0' ],
21 silly audit   'strip-indent': [ '3.0.0', '4.1.1' ],
21 silly audit   refractor: [ '3.6.0' ],
21 silly audit   regex: [ '6.1.0' ],
21 silly audit   'regex-recursion': [ '6.0.2' ],
21 silly audit   'regex-utilities': [ '2.3.0' ],
21 silly audit   'rehype-harden': [ '1.1.8' ],
21 silly audit   'rehype-highlight': [ '7.0.2' ],
21 silly audit   'rehype-katex': [ '7.0.1' ],
21 silly audit   'rehype-raw': [ '7.0.0' ],
21 silly audit   'rehype-sanitize': [ '6.0.0' ],
21 silly audit   'remark-cjk-friendly': [ '2.3.1' ],
21 silly audit   'remark-cjk-friendly-gfm-strikethrough': [ '2.3.1' ],
21 silly audit   'remark-gfm': [ '4.0.1' ],
21 silly audit   'remark-math': [ '6.0.0' ],
21 silly audit   'remark-parse': [ '11.0.0' ],
21 silly audit   'remark-rehype': [ '11.1.2' ],
21 silly audit   'remark-stringify': [ '11.0.0' ],
21 silly audit   remend: [ '1.3.0' ],
21 silly audit   'require-directory': [ '2.1.1' ],
21 silly audit   'require-from-string': [ '2.0.2' ],
21 silly audit   reselect: [ '5.2.0' ],
21 silly audit   resolve: [ '1.22.12' ],
21 silly audit   'resolve-from': [ '4.0.0' ],
21 silly audit   'restore-cursor': [ '5.1.0' ],
21 silly audit   rettime: [ '0.11.11' ],
21 silly audit   reusify: [ '1.1.0' ],
21 silly audit   'robust-predicates': [ '3.0.3' ],
21 silly audit   rollup: [ '4.62.0' ],
21 silly audit   roughjs: [ '4.6.6' ],
21 silly audit   router: [ '2.2.0' ],
21 silly audit   'run-applescript': [ '7.1.0' ],
21 silly audit   'run-parallel': [ '1.2.0' ],
21 silly audit   rw: [ '1.3.3' ],
21 silly audit   'safer-buffer': [ '2.1.2' ],
21 silly audit   saxes: [ '6.0.0' ],
21 silly audit   scheduler: [ '0.27.0' ],
21 silly audit   send: [ '1.2.1' ],
21 silly audit   'serve-static': [ '2.2.1' ],
21 silly audit   setprototypeof: [ '1.2.0' ],
21 silly audit   shadcn: [ '3.8.5' ],
21 silly audit   zod: [ '3.25.76', '4.4.3' ],
21 silly audit   sharp: [ '0.34.5' ],
21 silly audit   'shebang-command': [ '2.0.0' ],
21 silly audit   'shebang-regex': [ '3.0.0' ],
21 silly audit   'side-channel': [ '1.1.1' ],
21 silly audit   'side-channel-list': [ '1.0.1' ],
21 silly audit   'side-channel-map': [ '1.0.1' ],
21 silly audit   'side-channel-weakmap': [ '1.0.2' ],
21 silly audit   siginfo: [ '2.0.0' ],
21 silly audit   sigma: [ '3.0.3' ],
21 silly audit   sisteransi: [ '1.0.5' ],
21 silly audit   sonner: [ '2.0.7' ],
21 silly audit   'source-map': [ '0.6.1' ],
21 silly audit   'source-map-js': [ '1.2.1' ],
21 silly audit   stackback: [ '0.0.2' ],
21 silly audit   statuses: [ '2.0.2' ],
21 silly audit   'std-env': [ '4.1.0' ],
21 silly audit   'stdin-discarder': [ '0.2.2' ],
21 silly audit   storybook: [ '9.1.19' ],
21 silly audit   streamdown: [ '2.5.0' ],
21 silly audit   'strict-event-emitter': [ '0.5.1' ],
21 silly audit   'stringify-entities': [ '4.0.4' ],
21 silly audit   'stringify-object': [ '5.0.0' ],
21 silly audit   'strip-bom': [ '3.0.0' ],
21 silly audit   'strip-json-comments': [ '3.1.1' ],
21 silly audit   'style-to-js': [ '1.1.21' ],
21 silly audit   'style-to-object': [ '1.0.14' ],
21 silly audit   'styled-jsx': [ '5.1.6' ],
21 silly audit   stylis: [ '4.4.0' ],
21 silly audit   'supports-color': [ '7.2.0' ],
21 silly audit   'supports-preserve-symlinks-flag': [ '1.0.0' ],
21 silly audit   'symbol-tree': [ '3.2.4' ],
21 silly audit   systeminformation: [ '5.31.7' ],
21 silly audit   'tagged-tag': [ '1.0.0' ],
21 silly audit   'tailwind-merge': [ '3.6.0' ],
21 silly audit   tailwindcss: [ '4.3.1' ],
21 silly audit   tapable: [ '2.3.3' ],
21 silly audit   'tiny-invariant': [ '1.3.3' ],
21 silly audit   tinybench: [ '2.9.0' ],
21 silly audit   tinyexec: [ '1.2.4' ],
21 silly audit   tinyglobby: [ '0.2.17' ],
21 silly audit   tinyspy: [ '4.0.4' ],
21 silly audit   tldts: [ '7.4.3' ],
21 silly audit   'tldts-core': [ '7.4.3' ],
21 silly audit   'to-regex-range': [ '5.0.1' ],
21 silly audit   toidentifier: [ '1.0.1' ],
21 silly audit   tokenlens: [ '1.3.1' ],
21 silly audit   'tough-cookie': [ '6.0.1' ],
21 silly audit   tr46: [ '6.0.0' ],
21 silly audit   'trim-lines': [ '3.0.1' ],
21 silly audit   trough: [ '2.2.0' ],
21 silly audit   'ts-api-utils': [ '2.5.0' ],
21 silly audit   'ts-dedent': [ '2.3.0' ],
21 silly audit   'ts-morph': [ '26.0.0' ],
21 silly audit   'tsconfig-paths': [ '4.2.0' ],
21 silly audit   tslib: [ '2.8.1' ],
21 silly audit   tsx: [ '4.22.4' ],
21 silly audit   'tw-animate-css': [ '1.4.0' ],
21 silly audit   'type-check': [ '0.4.0' ],
21 silly audit   'type-fest': [ '5.7.0' ],
21 silly audit   'type-is': [ '2.1.0' ],
21 silly audit   typescript: [ '5.9.3' ],
21 silly audit   'typescript-eslint': [ '8.61.1' ],
21 silly audit   'uc.micro': [ '1.0.6' ],
21 silly audit   undici: [ '7.28.0' ],
21 silly audit   'undici-types': [ '7.24.6' ],
21 silly audit   unified: [ '11.0.5' ],
21 silly audit   'unist-util-find-after': [ '5.0.0' ],
21 silly audit   'unist-util-is': [ '6.0.1' ],
21 silly audit   'unist-util-position': [ '5.0.0' ],
21 silly audit   'unist-util-remove-position': [ '5.0.0' ],
21 silly audit   'unist-util-stringify-position': [ '4.0.0' ],
21 silly audit   'unist-util-visit': [ '5.1.0' ],
21 silly audit   'unist-util-visit-parents': [ '6.0.2' ],
21 silly audit   universalify: [ '2.0.1' ],
21 silly audit   unpipe: [ '1.0.0' ],
21 silly audit   unplugin: [ '1.16.1' ],
21 silly audit   'until-async': [ '3.0.2' ],
21 silly audit   'update-browserslist-db': [ '1.2.3' ],
21 silly audit   'uri-js': [ '4.4.1' ],
21 silly audit   'use-callback-ref': [ '1.3.3' ],
21 silly audit   'use-debounce': [ '10.1.1' ],
21 silly audit   'use-sidecar': [ '1.1.3' ],
21 silly audit   'use-stick-to-bottom': [ '1.1.6' ],
21 silly audit   'use-sync-external-store': [ '1.6.0' ],
21 silly audit   'util-deprecate': [ '1.0.2' ],
21 silly audit   uuid: [ '14.0.0' ],
21 silly audit   'validate-npm-package-name': [ '7.0.2' ],
21 silly audit   vary: [ '1.1.2' ],
21 silly audit   vfile: [ '6.0.3' ],
21 silly audit   'vfile-location': [ '5.0.3' ],
21 silly audit   'vfile-message': [ '4.0.3' ],
21 silly audit   vite: [ '7.3.5' ],
21 silly audit   vitest: [ '4.1.9' ],
21 silly audit   'w3c-xmlserializer': [ '5.0.0' ],
21 silly audit   'web-namespaces': [ '2.0.1' ],
21 silly audit   'web-streams-polyfill': [ '3.3.3' ],
21 silly audit   'webidl-conversions': [ '8.0.1' ],
21 silly audit   'webpack-virtual-modules': [ '0.6.2' ],
21 silly audit   'whatwg-mimetype': [ '5.0.0' ],
21 silly audit   'whatwg-url': [ '16.0.1' ],
21 silly audit   'why-is-node-running': [ '2.3.0' ],
21 silly audit   'word-wrap': [ '1.2.5' ],
21 silly audit   wrappy: [ '1.0.2' ],
21 silly audit   ws: [ '8.21.0' ],
21 silly audit   'wsl-utils': [ '0.3.1' ],
21 silly audit   'xml-name-validator': [ '5.0.0' ],
21 silly audit   xmlchars: [ '2.2.0' ],
21 silly audit   xtend: [ '4.0.2' ],
21 silly audit   y18n: [ '5.0.8' ],
21 silly audit   yallist: [ '3.1.1' ],
21 silly audit   yargs: [ '17.7.2' ],
21 silly audit   'yargs-parser': [ '21.1.1' ],
21 silly audit   'yocto-spinner': [ '1.2.0' ],
21 silly audit   yoctocolors: [ '2.1.2' ],
21 silly audit   'zod-to-json-schema': [ '3.25.2' ],
21 silly audit   'zod-validation-error': [ '4.0.2' ],
21 silly audit   zwitch: [ '2.0.4' ],
21 silly audit   'css-tree': [ '3.2.1' ]
21 silly audit }
22 http fetch POST 200 https://registry.npmjs.org/-/npm/v1/security/advisories/bulk 825ms
23 silly audit report {
23 silly audit report   esbuild: [
23 silly audit report     {
23 silly audit report       id: 1120680,
23 silly audit report       url: 'https://github.com/advisories/GHSA-g7r4-m6w7-qqqr',
23 silly audit report       title: 'esbuild allows arbitrary file read when running the development server on Windows',
23 silly audit report       severity: 'low',
23 silly audit report       vulnerable_versions: '>=0.27.3 <0.28.1',
23 silly audit report       cwe: [Array],
23 silly audit report       cvss: [Object]
23 silly audit report     }
23 silly audit report   ],
23 silly audit report   postcss: [
23 silly audit report     {
23 silly audit report       id: 1117015,
23 silly audit report       url: 'https://github.com/advisories/GHSA-qx2v-qp2m-jg93',
23 silly audit report       title: 'PostCSS has XSS via Unescaped </style> in its CSS Stringify Output',
23 silly audit report       severity: 'moderate',
23 silly audit report       vulnerable_versions: '<8.5.10',
23 silly audit report       cwe: [Array],
23 silly audit report       cvss: [Object]
23 silly audit report     }
23 silly audit report   ],
23 silly audit report   prismjs: [
23 silly audit report     {
23 silly audit report       id: 1105770,
23 silly audit report       url: 'https://github.com/advisories/GHSA-x7hr-w5r2-h6wg',
23 silly audit report       title: 'PrismJS DOM Clobbering vulnerability',
23 silly audit report       severity: 'moderate',
23 silly audit report       vulnerable_versions: '<1.30.0',
23 silly audit report       cwe: [Array],
23 silly audit report       cvss: [Object]
23 silly audit report     }
23 silly audit report   ]
23 silly audit report }
24 silly packumentCache corgi:https://registry.npmjs.org/esbuild cache-miss
25 silly packumentCache corgi:https://registry.npmjs.org/postcss cache-miss
26 silly packumentCache corgi:https://registry.npmjs.org/prismjs cache-miss
27 http cache https://registry.npmjs.org/esbuild 406ms (cache hit)
28 silly packumentCache corgi:https://registry.npmjs.org/esbuild set size:887361 disposed:false
29 http cache https://registry.npmjs.org/postcss 429ms (cache hit)
30 silly packumentCache corgi:https://registry.npmjs.org/postcss set size:344717 disposed:false
31 http cache https://registry.npmjs.org/prismjs 438ms (cache hit)
32 silly packumentCache corgi:https://registry.npmjs.org/prismjs set size:49125 disposed:false
33 silly packumentCache corgi:https://registry.npmjs.org/vite cache-miss
34 http cache https://registry.npmjs.org/vite 38ms (cache hit)
35 silly packumentCache corgi:https://registry.npmjs.org/vite set size:2264592 disposed:false
36 silly packumentCache corgi:https://registry.npmjs.org/next cache-miss
37 http cache https://registry.npmjs.org/next 207ms (cache hit)
38 silly packumentCache corgi:https://registry.npmjs.org/next set size:25307833 disposed:false
39 silly packumentCache corgi:https://registry.npmjs.org/refractor cache-miss
40 http cache https://registry.npmjs.org/refractor 176ms (cache hit)
41 silly packumentCache corgi:https://registry.npmjs.org/refractor set size:74570 disposed:false
42 silly packumentCache corgi:https://registry.npmjs.org/geist cache-miss
43 http cache https://registry.npmjs.org/geist 13ms (cache hit)
44 silly packumentCache corgi:https://registry.npmjs.org/geist set size:41543 disposed:false
45 silly packumentCache corgi:https://registry.npmjs.org/react-syntax-highlighter cache-miss
46 http cache https://registry.npmjs.org/react-syntax-highlighter 509ms (cache hit)
47 silly packumentCache corgi:https://registry.npmjs.org/react-syntax-highlighter set size:238569 disposed:false
48 warn allow-scripts 5 packages have install scripts not yet covered by allowScripts:
48 warn allow-scripts   esbuild@0.25.12 (install: (install scripts present))
48 warn allow-scripts   msw@2.14.6 (install: (install scripts present))
48 warn allow-scripts   sharp@0.34.5 (install: (install scripts present))
48 warn allow-scripts   esbuild@0.28.1 (install: (install scripts present))
48 warn allow-scripts   esbuild@0.27.7 (install: (install scripts present))
48 warn allow-scripts
48 warn allow-scripts Run `npm approve-scripts --allow-scripts-pending` to review, or `npm approve-scripts <pkg>` to allow.
49 verbose cwd /workspace/.tmpoUdhPs/ui
50 verbose os Linux 6.8.0-124-generic
51 verbose node v26.3.1
52 verbose npm  v11.16.0
53 verbose exit 0
54 info ok
