0 verbose cli /usr/local/share/fnm/node-versions/v26.3.1/installation/bin/node /usr/local/share/fnm/node-versions/v26.3.1/installation/lib/node_modules/npm/bin/npm-cli.js
1 info using npm@11.16.0
2 info using node@v26.3.1
3 silly config load:file:/usr/local/share/fnm/node-versions/v26.3.1/installation/lib/node_modules/npm/npmrc
4 silly config load:file:/workspace/.tmp0kFeCW/ui/.npmrc
5 silly config load:file:/workspace/.tmp0kFeCW/.npmrc
6 silly config load:file:/usr/local/share/fnm/node-versions/v26.3.1/installation/etc/npmrc
7 verbose title npm exec tsc --noEmit
8 verbose argv "exec" "--" "tsc" "--noEmit"
9 verbose logfile logs-max:10 dir:/workspace/.tmp0kFeCW/.npm-cache/_logs/2026-06-20T13_47_02_424Z-
10 verbose logfile /workspace/.tmp0kFeCW/.npm-cache/_logs/2026-06-20T13_47_02_424Z-debug-0.log
11 silly logfile done cleaning log files
12 silly packumentCache heap:4395630592 maxSize:1098907648 maxEntrySize:549453824
13 http fetch GET 200 https://registry.npmjs.org/npm 461ms
14 http fetch GET 200 https://registry.npmjs.org/tsc 430ms (cache miss)
15 silly packumentCache heap:4395630592 maxSize:1098907648 maxEntrySize:549453824
16 silly packumentCache heap:4395630592 maxSize:1098907648 maxEntrySize:549453824
17 warn exec The following package was not found and will be installed: tsc@2.0.4
18 silly idealTree buildDeps
19 silly fetch manifest tsc@2.0.4
20 silly packumentCache full:https://registry.npmjs.org/tsc cache-miss
21 http fetch GET 200 https://registry.npmjs.org/tsc 84ms (cache miss)
22 silly packumentCache full:https://registry.npmjs.org/tsc set size:undefined disposed:false
23 silly placeDep ROOT tsc@2.0.4 OK for:  want: 2.0.4
24 silly reify moves {}
25 silly audit bulk request { tsc: [ '2.0.4' ] }
26 http cache tsc@https://registry.npmjs.org/tsc/-/tsc-2.0.4.tgz 0ms (cache hit)
27 silly tarball no local data for tsc@https://registry.npmjs.org/tsc/-/tsc-2.0.4.tgz. Extracting by manifest.
28 http fetch GET 200 https://registry.npmjs.org/tsc/-/tsc-2.0.4.tgz 64ms (cache miss)
29 warn deprecated tsc@2.0.4: Package no longer supported. Contact Support at https://www.npmjs.com/support for more info.
30 http fetch POST 200 https://registry.npmjs.org/-/npm/v1/security/advisories/bulk 241ms
31 silly audit report {}
32 verbose cwd /workspace/.tmp0kFeCW/ui
33 verbose os Linux 6.8.0-124-generic
34 verbose node v26.3.1
35 verbose npm  v11.16.0
36 notice
36 notice New minor version of npm available! 11.16.0 -> 11.17.0
36 notice Changelog: https://github.com/npm/cli/releases/tag/v11.17.0
36 notice To update run: npm install -g npm@11.17.0
36 notice  { force: true, Symbol(proc-log.meta): true }
37 verbose exit 1
38 verbose code 1
