---
source: src/server/tests/contracts.rs
expression: epic_list
---
{
  "epics": [
    {
      "id": "[UUID]",
      "short_id": "[SHORT_ID]",
      "title": "Snapshot Epic",
      "description": "Epic used for MCP snapshot contract testing",
      "emoji": "",
      "color": "",
      "status": "open",
      "owner": "",
      "created_at": "[TIMESTAMP]",
      "updated_at": "[TIMESTAMP]",
      "closed_at": null,
      "memory_refs": [],
      "auto_breakdown": true,
      "created_by_user_id": "[UUID]"
    }
  ],
  "total_count": 1,
  "limit": 10,
  "offset": 0,
  "has_more": false
}
