---
source: src/server/tests/contracts.rs
expression: task_activity
---
{
  "entries": [
    {
      "id": "[UUID]",
      "task_id": "[UUID]",
      "actor_id": "[UUID]",
      "actor_role": "user",
      "event_type": "comment",
      "kind": "comment",
      "payload": {
        "body": "snapshot comment"
      },
      "summary": "snapshot comment",
      "created_at": "[TIMESTAMP]"
    }
  ],
  "count": 1
}
