---
source: crates/djinn-agent/src/prompts/tests.rs
expression: section
---
- `task_show(id)`
- `task_list(issue_type?, label?, limit?, offset?, parent?, priority?, sort?, status?, text?)`
- `task_activity_list(id, actor_role?, event_type?, limit?)`
- `memory_read(identifier)`
- `memory_search(query, edge_kinds?, entity_types?, folder?, limit?, task_id?, type?)`
- `memory_list(depth?, folder?, status?, type?)`
- `shell(command, timeout_ms?)`
- `read(file_path, limit?, offset?, project?)`
- `code_search(query, ignore_case?, max_results?, path?, project?)`
- `skill_read(name)`
- `lsp(file_path, operation, character?, depth?, kind?, line?, name_filter?, symbol?)`
- `ci_job_log(job_id, step?)`
- `github_search(query, language?, path?, repo?)`
- `output_view(tool_use_id, limit?, offset?)`
- `output_grep(pattern, tool_use_id, context_lines?)`
- `write(content, path)`
- `edit(new_text, old_text, path)`
- `task_create(acceptance_criteria, epic_id, title, blocked_by?, description?, design?, issue_type?, labels?, owner?, parent_id?, priority?, status?)`
- `task_update(id, acceptance_criteria?, blocked_by_add?, blocked_by_remove?, description?, design?, epic_id?, memory_refs_add?, memory_refs_remove?, owner?, priority?, status?, title?)`
- `task_blocked_list(id)`
- `epic_show(id)`
- `epic_update(id, blocked_by_add?, blocked_by_remove?, description?, memory_refs_add?, memory_refs_remove?, status?, title?)`
- `epic_tasks(id, limit?, offset?)`
- `epic_close(id)`
- `epic_create(title, auto_breakdown?, blocked_by?, description?, memory_refs?, project?, proposal_id?, read_sources?)`
- `proposal_show(id, fields?, revision_bodies?)`
- `proposal_ac_set(acceptance_criteria, id)`
- `proposal_ac_amend(amendments, id, reason)`
- `proposal_complete(id, summary?)`
- `proposal_reconcile_obsolete_epic(epic_id, proposal_id, reason?)`
- `epic_blockers_list(id)`
- `epic_blocked_list(id)`
- `task_transition(action, id, reason?, replacement_task_ids?)`
- `task_comment_add(body, id)`
- `memory_build_context(edge_kinds?, limit?, min_confidence?, query?, task_id?)`
- `memory_health()`
- `memory_extracted_audit()`
- `memory_broken_links(folder?)`
- `memory_orphans(folder?)`
- `memory_recall_trace()`
- `memory_write(content, reason, title, type, status?, tags?)`
- `memory_edit(content, identifier, operation, reason, find_text?, section?, type?)`
- `agent_metrics(role)`
- `agent_create(base_role, name, description?, model_preference?, system_prompt_extensions?)`
- `task_delete_branch(id)`
- `task_archive_activity(id)`
- `task_reset_counters(id)`
- `task_kill_session(id)`
- `submit_grooming(blocked_on?, decision?, summary?, tasks_reviewed?)`
