---
source: crates/djinn-agent/src/extension/schemas.rs
assertion_line: 729
expression: names
---
[
  "task_show",
  "task_list",
  "task_activity_list",
  "memory_read",
  "memory_search",
  "memory_list",
  "shell",
  "read",
  "lsp",
  "output_view",
  "output_grep",
  "write",
  "edit",
  "apply_patch",
  "request_lead",
  "submit_work"
]
