---
source: crates/djinn-agent/src/prompts.rs
expression: section
---
- `task_show(id)` — Show details of a work item including recent activity and blockers.
- `task_list(issue_type?, label?, limit?, offset?, parent?, priority?, sort?, status?, text?)` — List tasks with optional filters and pagination.
- `task_activity_list(id, actor_role?, event_type?, limit?)` — Query a task's activity log with optional filters. Returns comments, status transitions, verification results, and other events. Use to inspect Lead guidance, reviewer feedback, or verification history.
- `memory_read(identifier)` — Read a note by permalink or title.
- `memory_search(query, folder?, limit?, task_id?, type?)` — Search notes in project memory.
- `memory_list(depth?, folder?, type?)` — List notes in project memory. Returns compact summaries without full content.
- `shell(command, timeout_ms?)` — Execute shell commands in the task worktree. Commands always run from the worktree root.
- `read(file_path, limit?, offset?)` — Read a file with line numbers and pagination. Rejects binary files.
- `lsp(file_path, operation, character?, depth?, kind?, line?, name_filter?, symbol?)` — Query the Language Server Protocol for code navigation. Operations: hover (type info at position), definition (go to definition), references (find all references), symbols (list document symbols with optional depth/kind/name filtering). Line and character are 1-based for non-symbol operations.
- `ci_job_log(job_id, step?)` — Fetch the full log for a GitHub Actions CI job. When CI fails, the activity log tells you the job_id. Call this tool to see the actual error output. Optionally filter to a specific failed step name. If the output is large, use output_view or output_grep to navigate it.
- `github_search(query, language?, path?, repo?)` — Search GitHub code across millions of public repositories via grep.app. Returns matching code snippets with file paths, line numbers, and repository info. Useful for finding real-world usage examples, implementation patterns, and API usage.
- `output_view(tool_use_id, limit?, offset?)` — Paginated view of a truncated tool output. When a tool result was truncated, the full output is stashed and can be browsed here by tool_use_id.
- `output_grep(pattern, tool_use_id, context_lines?)` — Regex search within a truncated tool output. Returns matching lines with context from the full stashed output.
- `task_create(acceptance_criteria, epic_id, title, blocked_by?, description?, design?, issue_type?, labels?, owner?, parent_id?, priority?, status?)` — Create a new task under an epic. Agents should use this only when explicitly allowed by their role and task design.
- `task_update(id, acceptance_criteria?, blocked_by_add?, blocked_by_remove?, description?, design?, epic_id?, memory_refs_add?, memory_refs_remove?, owner?, priority?, status?, title?)` — Update task fields and manage blocker relationships. Use blocked_by_add/blocked_by_remove to enforce task sequencing — a task with unresolved blockers will not be dispatched.
- `task_blocked_list(id)` — List tasks that are blocked by the given task. Use before decomposing to check downstream dependents.
- `epic_show(id)` — Show details for an epic by UUID or short ID.
- `epic_update(id, description?, memory_refs_add?, memory_refs_remove?, status?, title?)` — Update epic fields (title/description) and accept memory ref delta args for planner workflows.
- `epic_tasks(id, limit?, offset?)` — List tasks for an epic with pagination.
- `epic_close(id)` — Close an epic. Use when all work is complete and no further waves are needed.
- `task_transition(action, id, reason?, replacement_task_ids?)` — Transition a task using a named workflow action.
- `task_comment_add(body, id)` — Add a comment or strategic observation to a task's activity log.
- `memory_write(content, title, type, tags?)` — Create or update a note. Type is required and determines storage folder (adr->decisions/, pattern->patterns/, case->cases/, pitfall->pitfalls/, research->research/, requirement->requirements/, reference->reference/, design->design/, tech_spike->research/technical, session->research/sessions). Singleton types (brief, roadmap) write a fixed file — one per project. Use [[wikilinks]] in content to connect notes.
- `memory_edit(content, identifier, operation, find_text?, section?, type?)` — Edit an existing note. Operations: "append" (add to end), "prepend" (add after frontmatter), "find_replace" (exact text replacement, requires find_text), "replace_section" (replace content under a markdown heading, requires section).
- `memory_build_context(limit?, min_confidence?, query?, task_id?)` — Build a curated memory context pack for a task or query by combining note retrieval and ranking. Use this before deep analysis to gather relevant project history and decisions.
- `memory_health()` — Returns aggregate health report: total notes, broken link count, orphan note count, stale notes by folder.
- `memory_broken_links(folder?)` — Lists all broken wikilinks with source context (permalink, title, raw text, target permalink).
- `memory_orphans(folder?)` — Lists notes with zero inbound links. Excludes catalogs and singletons (brief, roadmap).
- `agent_metrics(role)` — Show execution quality metrics for a role to support prompt tuning and intervention decisions.
- `agent_create(base_role, name, description?, model_preference?, system_prompt_extensions?)` — Create a new specialist agent extending a base role (worker or reviewer). Use when existing agents lack capabilities for a specific domain.
- `task_delete_branch(id)` — Delete the task's git branch, worktree, and paused session so the next worker starts with a clean slate.
- `task_archive_activity(id)` — Soft-delete all activity entries (comments, session errors, rejections) for a task. The worker on the next attempt will only see post-intervention activity.
- `task_reset_counters(id)` — Reset reopen_count and continuation_count to zero. Use when the task has been meaningfully rescoped and old retry history is no longer relevant.
- `task_kill_session(id)` — Kill the paused worker session and delete its saved conversation. The next dispatch will start a fresh session. Unlike task_delete_branch, this preserves the branch and any committed code.
- `agent_amend_prompt(agent_id, amendment, metrics_snapshot?, project?)` — Append a prompt amendment to a specialist agent role's learned_prompt. The amendment is appended after existing content (never replacing it) and logged to learned_prompt_history. Only applicable to specialist roles (worker, reviewer base_role). Do NOT use on architect, lead, or planner roles.
- `submit_grooming(next_patrol_minutes?, summary?, tasks_reviewed?)` — Signal that the grooming session is complete. Report per-task actions taken. Your session ends after this call.
