---
source: src/server/mod.rs
assertion_line: 761
expression: task_show
---
{
  "acceptance_criteria": [],
  "active_session": null,
  "close_reason": null,
  "closed_at": null,
  "continuation_count": 0,
  "created_at": "[TIMESTAMP]",
  "description": "Task used for MCP snapshot contract testing",
  "design": "",
  "epic_id": "[UUID]",
  "id": "[UUID]",
  "issue_type": "task",
  "labels": [],
  "memory_refs": [],
  "merge_commit_sha": null,
  "owner": "",
  "priority": 0,
  "reopen_count": 0,
  "session_count": 0,
  "short_id": "[SHORT_ID]",
  "status": "backlog",
  "title": "Snapshot Task",
  "updated_at": "[TIMESTAMP]",
  "verification_failure_count": 0
}
