[
  "read",
  "code_search",
  "code_graph",
  "github_search",
  "output_view",
  "output_grep",
  "lsp",
  "skill_read",
  "ci_job_log",
  "task_show",
  "task_list",
  "task_activity_list",
  "epic_show",
  "epic_tasks",
  "epic_blockers_list",
  "epic_blocked_list",
  "proposal_show",
  "proposal_debate_list",
  "memory_read",
  "memory_search",
  "memory_list",
  "memory_build_context",
  "memory_health",
  "memory_orphans",
  "memory_broken_links",
  "memory_extracted_audit",
  "submit_work"
]
