    Blocking waiting for file lock on build directory
    Checking libc v0.2.184
    Checking serde v1.0.228
    Checking zerocopy v0.8.48
    Checking serde_json v1.0.149
    Checking httparse v1.10.1
    Checking icu_properties_data v2.2.0
    Checking icu_properties v2.2.0
   Compiling workspace-hack v0.1.0 (/workspace/.tmpEQ45oT/server/crates/workspace-hack)
    Checking smallvec v1.15.1
    Checking either v1.15.0
    Checking icu_normalizer v2.2.0
    Checking chrono v0.4.44
    Checking serde_urlencoded v0.7.1
    Checking rayon v1.11.0
    Checking tracing-serde v0.2.0
    Checking idna_adapter v1.2.1
    Checking idna v1.1.0
    Checking tracing-subscriber v0.3.23
    Checking url v2.5.8
    Checking parking_lot_core v0.9.12
    Checking parking_lot v0.12.5
    Checking errno v0.3.14
    Checking signal-hook-registry v1.4.8
    Checking mio v1.2.0
    Checking socket2 v0.6.3
    Checking getrandom v0.2.17
    Checking getrandom v0.3.4
    Checking ring v0.17.14
    Checking rand_core v0.9.5
    Checking tokio v1.50.0
    Checking rand_core v0.6.4
    Checking openssl-sys v0.9.112
    Checking console v0.16.3
    Checking getrandom v0.4.2
    Checking futures-intrusive v0.5.0
    Checking signature v2.2.0
    Checking libz-sys v1.1.25
    Checking rand v0.10.0
    Checking uuid v1.23.0
    Checking openssl v0.10.76
    Checking rustls-webpki v0.103.10
    Checking libssh2-sys v0.3.1
    Checking libgit2-sys v0.18.3+1.9.2
    Checking tempfile v3.27.0
    Checking rustls v0.23.37
    Checking ppv-lite86 v0.2.21
    Checking schemars v1.2.1
    Checking git2 v0.20.4
    Checking rand_chacha v0.9.0
    Checking rand v0.9.2
    Checking rand_chacha v0.3.1
    Checking rand v0.8.5
    Checking rand_distr v0.5.1
    Checking num-bigint-dig v0.8.6
    Checking half v2.7.1
    Checking native-tls v0.2.18
    Checking insta v1.47.2
    Checking gemm-common v0.19.0
    Checking tokio-util v0.7.18
    Checking tower v0.5.3
    Checking tokio-native-tls v0.3.1
    Checking rsa v0.9.10
    Checking ahash v0.8.12
    Checking tower-http v0.6.8
    Checking h2 v0.4.13
    Checking tokio-stream v0.1.18
    Checking tower v0.4.13
    Checking indicatif v0.18.4
    Checking tokio-rustls v0.26.4
    Checking rustls-platform-verifier v0.6.2
    Checking sqlx-core v0.8.6
    Checking dirs-sys v0.4.1
    Checking gemm-f32 v0.19.0
    Checking itertools v0.14.0
    Checking compact_str v0.9.0
    Checking gemm-f16 v0.19.0
    Checking spm_precompiled v0.1.4
    Checking dirs v5.0.1
    Checking gemm-c32 v0.19.0
    Checking gemm-f64 v0.19.0
    Checking gemm-c64 v0.19.0
    Checking num_cpus v1.17.0
    Checking unicode-normalization-alignments v0.1.12
    Checking rayon-cond v0.4.0
    Checking dary_heap v0.3.8
    Checking serde_yaml v0.9.34+deprecated
    Checking gemm v0.19.0
    Checking prost v0.14.3
    Checking tonic v0.14.5
    Checking dirs-sys v0.5.0
    Checking tokenizers v0.22.2
    Checking float8 v0.7.0
    Checking sqlx-postgres v0.8.6
    Checking sqlx-mysql v0.8.6
    Checking rand_xoshiro v0.7.0
    Checking memmap2 v0.9.10
    Checking quanta v0.12.6
    Checking safetensors v0.7.0
    Checking evmap v11.0.0
    Checking metrics-util v0.20.4
    Checking serde-value v0.7.0
    Checking hyper v1.9.0
    Checking tonic-prost v0.14.5
    Checking dirs v6.0.0
    Checking opentelemetry_sdk v0.31.0
    Checking socks v0.3.4
    Checking jsonptr v0.4.7
    Checking ureq-proto v0.6.0
   Compiling djinn-db v0.1.0 (/workspace/.tmpEQ45oT/server/crates/djinn-db)
    Checking hyper-util v0.1.20
    Checking ureq v3.3.0
    Checking schemars v0.8.22
    Checking json-patch v2.0.0
    Checking metrics-exporter-prometheus v0.18.3
    Checking k8s-openapi v0.23.0
    Checking candle-core v0.10.2
    Checking sqlx v0.8.6
    Checking serde_plain v1.0.2
    Checking jsonwebtoken v9.3.1
    Checking opentelemetry-proto v0.31.0
    Checking jsonpath-rust v0.5.1
    Checking hyper-rustls v0.27.7
    Checking hyper-tls v0.6.0
    Checking reqwest v0.12.28
    Checking reqwest v0.13.2
    Checking hyper-timeout v0.5.2
    Checking axum v0.8.8
    Checking secrecy v0.8.0
    Checking backoff v0.4.0
    Checking hashbrown v0.14.5
    Checking rmcp v0.16.0
    Checking opentelemetry-http v0.31.0
    Checking hf-hub v0.5.0
    Checking opentelemetry-otlp v0.31.1
    Checking bincode v1.3.3
    Checking landlock v0.4.4
    Checking seccompiler v0.5.0
    Checking wait-timeout v0.2.1
    Checking candle-nn v0.10.2
    Checking candle-transformers v0.10.2
    Checking kube-core v0.95.0
    Checking djinn-core v0.1.0 (/workspace/.tmpEQ45oT/server/crates/djinn-core)
    Checking djinn-git v0.1.0 (/workspace/.tmpEQ45oT/server/crates/djinn-git)
    Checking djinn-telemetry v0.1.0 (/workspace/.tmpEQ45oT/server/crates/djinn-telemetry)
    Checking djinn-stack v0.1.0 (/workspace/.tmpEQ45oT/server/crates/djinn-stack)
    Checking djinn-workspace v0.1.0 (/workspace/.tmpEQ45oT/server/crates/djinn-workspace)
    Checking kube-client v0.95.0
    Checking kube-runtime v0.95.0
    Checking djinn-memory v0.1.0 (/workspace/.tmpEQ45oT/server/crates/djinn-memory)
    Checking djinn-runtime v0.1.0 (/workspace/.tmpEQ45oT/server/crates/djinn-runtime)
    Checking kube v0.95.0
    Checking djinn-provider v0.1.0 (/workspace/.tmpEQ45oT/server/crates/djinn-provider)
    Checking djinn-supervisor v0.1.0 (/workspace/.tmpEQ45oT/server/crates/djinn-supervisor)
    Checking djinn-control-plane v0.1.0 (/workspace/.tmpEQ45oT/server/crates/djinn-control-plane)
    Checking djinn-k8s v0.1.0 (/workspace/.tmpEQ45oT/server/crates/djinn-k8s)
    Checking djinn-agent v0.1.0 (/workspace/.tmpEQ45oT/server/crates/djinn-agent)
    Finished `dev` profile [unoptimized + debuginfo] target(s) in 4m 27s
