    Blocking waiting for file lock on build directory
    Checking aws-lc-sys v0.39.1
    Checking ring v0.17.14
    Checking openssl-sys v0.9.112
   Compiling libgit2-sys v0.18.3+1.9.2
    Checking aws-lc-rs v1.16.2
    Checking openssl v0.10.76
    Checking libz-sys v1.1.25
    Checking libssh2-sys v0.3.1
    Checking onig_sys v69.9.1
    Checking onig v6.5.1
    Checking rustls-webpki v0.103.10
    Checking esaxx-rs v0.1.10
    Checking rustls v0.23.37
    Checking native-tls v0.2.18
    Checking tokio-native-tls v0.3.1
    Checking hyper-tls v0.6.0
    Checking tokenizers v0.22.2
   Compiling djinn-db v0.1.0 (/workspace/.tmpEQ45oT/server/crates/djinn-db)
    Checking jsonwebtoken v9.3.1
    Checking tokio-rustls v0.26.4
    Checking sqlx-core v0.8.6
    Checking hyper-rustls v0.27.7
    Checking reqwest v0.12.28
    Checking rustls-platform-verifier v0.6.2
    Checking reqwest v0.13.2
    Checking opentelemetry-http v0.31.0
    Checking rmcp v0.16.0
    Checking ureq v3.3.0
    Checking sqlx-mysql v0.8.6
    Checking sqlx-postgres v0.8.6
    Checking candle-core v0.10.2
    Checking candle-nn v0.10.2
    Checking hf-hub v0.5.0
    Checking opentelemetry-otlp v0.31.1
    Checking candle-transformers v0.10.2
    Checking kube-client v0.95.0
    Checking kube-runtime v0.95.0
    Checking kube v0.95.0
   Compiling sqlx-macros-core v0.8.6
   Compiling sqlx-macros v0.8.6
   Compiling workspace-hack v0.1.0 (/workspace/.tmpEQ45oT/server/crates/workspace-hack)
    Checking sqlx v0.8.6
    Checking git2 v0.20.4
    Checking djinn-core v0.1.0 (/workspace/.tmpEQ45oT/server/crates/djinn-core)
    Checking djinn-telemetry v0.1.0 (/workspace/.tmpEQ45oT/server/crates/djinn-telemetry)
    Checking djinn-git v0.1.0 (/workspace/.tmpEQ45oT/server/crates/djinn-git)
    Checking djinn-stack v0.1.0 (/workspace/.tmpEQ45oT/server/crates/djinn-stack)
    Checking djinn-workspace v0.1.0 (/workspace/.tmpEQ45oT/server/crates/djinn-workspace)
    Checking djinn-memory v0.1.0 (/workspace/.tmpEQ45oT/server/crates/djinn-memory)
    Checking djinn-runtime v0.1.0 (/workspace/.tmpEQ45oT/server/crates/djinn-runtime)
    Checking djinn-provider v0.1.0 (/workspace/.tmpEQ45oT/server/crates/djinn-provider)
    Checking djinn-supervisor v0.1.0 (/workspace/.tmpEQ45oT/server/crates/djinn-supervisor)
    Checking djinn-control-plane v0.1.0 (/workspace/.tmpEQ45oT/server/crates/djinn-control-plane)
    Checking djinn-k8s v0.1.0 (/workspace/.tmpEQ45oT/server/crates/djinn-k8s)
    Checking djinn-agent v0.1.0 (/workspace/.tmpEQ45oT/server/crates/djinn-agent)
    Finished `dev` profile [unoptimized + debuginfo] target(s) in 9m 41s
