---
source: crates/djinn-agent/src/extension/tests.rs
expression: names
---
[
  "task_show",
  "task_list",
  "task_activity_list",
  "memory_read",
  "memory_search",
  "memory_list",
  "shell",
  "read",
  "lsp",
  "ci_job_log",
  "github_search",
  "output_view",
  "output_grep",
  "write",
  "edit",
  "apply_patch",
  "memory_write",
  "memory_edit",
  "request_lead",
  "submit_work"
]
