---
source: crates/djinn-agent/src/extension/tests.rs
expression: tool_schemas_planner()
---
[
  {
    "concurrent_safe": true,
    "description": "Show details of a work item including recent activity and blockers.",
    "inputSchema": {
      "properties": {
        "id": {
          "description": "Task UUID or short ID",
          "type": "string"
        }
      },
      "required": [
        "id"
      ],
      "type": "object"
    },
    "name": "task_show"
  },
  {
    "concurrent_safe": true,
    "description": "List tasks with optional filters and pagination.",
    "inputSchema": {
      "properties": {
        "issue_type": {
          "type": "string"
        },
        "label": {
          "type": "string"
        },
        "limit": {
          "type": "integer"
        },
        "offset": {
          "type": "integer"
        },
        "parent": {
          "description": "Epic ID to filter by",
          "type": "string"
        },
        "priority": {
          "type": "integer"
        },
        "sort": {
          "type": "string"
        },
        "status": {
          "type": "string"
        },
        "text": {
          "description": "Free-text search in title/description",
          "type": "string"
        }
      },
      "type": "object"
    },
    "name": "task_list"
  },
  {
    "concurrent_safe": true,
    "description": "Query a task's activity log with optional filters. Returns comments, status transitions, verification results, and other events. Use to inspect Lead guidance, reviewer feedback, or verification history.",
    "inputSchema": {
      "properties": {
        "actor_role": {
          "description": "Filter by actor: lead, reviewer, worker, verification, system",
          "type": "string"
        },
        "event_type": {
          "description": "Filter by event type: comment, status_changed, commands_run, merge_conflict, task_review_start",
          "type": "string"
        },
        "id": {
          "description": "Task UUID or short ID",
          "type": "string"
        },
        "limit": {
          "description": "Max entries to return (default 30, max 50)",
          "type": "integer"
        }
      },
      "required": [
        "id"
      ],
      "type": "object"
    },
    "name": "task_activity_list"
  },
  {
    "concurrent_safe": true,
    "description": "Read a note by permalink or title.",
    "inputSchema": {
      "properties": {
        "identifier": {
          "description": "Permalink or title",
          "type": "string"
        }
      },
      "required": [
        "identifier"
      ],
      "type": "object"
    },
    "name": "memory_read"
  },
  {
    "concurrent_safe": true,
    "description": "Search notes in project memory.",
    "inputSchema": {
      "properties": {
        "folder": {
          "type": "string"
        },
        "limit": {
          "type": "integer"
        },
        "query": {
          "type": "string"
        },
        "task_id": {
          "description": "Task ID for affinity scoring; defaults to the current session task",
          "type": "string"
        },
        "type": {
          "type": "string"
        }
      },
      "required": [
        "query"
      ],
      "type": "object"
    },
    "name": "memory_search"
  },
  {
    "concurrent_safe": true,
    "description": "List notes in project memory. Returns compact summaries without full content.",
    "inputSchema": {
      "properties": {
        "depth": {
          "description": "Depth control: 0 = unlimited, 1 = exact folder (default), N = N levels",
          "type": "integer"
        },
        "folder": {
          "description": "Filter by folder (e.g. \"decisions\")",
          "type": "string"
        },
        "type": {
          "description": "Filter by note type (e.g. \"adr\", \"reference\", \"research\")",
          "type": "string"
        }
      },
      "type": "object"
    },
    "name": "memory_list"
  },
  {
    "concurrent_safe": false,
    "description": "Execute shell commands in the task worktree. Commands always run from the worktree root.",
    "inputSchema": {
      "properties": {
        "command": {
          "description": "Shell command to execute",
          "type": "string"
        },
        "timeout_ms": {
          "description": "Timeout in milliseconds (default 120000)",
          "type": "integer"
        }
      },
      "required": [
        "command"
      ],
      "type": "object"
    },
    "name": "shell"
  },
  {
    "concurrent_safe": true,
    "description": "Read a file with line numbers and pagination. Rejects binary files.",
    "inputSchema": {
      "properties": {
        "file_path": {
          "type": "string"
        },
        "limit": {
          "minimum": 1,
          "type": "integer"
        },
        "offset": {
          "minimum": 0,
          "type": "integer"
        }
      },
      "required": [
        "file_path"
      ],
      "type": "object"
    },
    "name": "read"
  },
  {
    "concurrent_safe": true,
    "description": "Query the Language Server Protocol for code navigation. Operations: hover (type info at position), definition (go to definition), references (find all references), symbols (list document symbols with optional depth/kind/name filtering). Line and character are 1-based for non-symbol operations.",
    "inputSchema": {
      "properties": {
        "character": {
          "description": "1-based column number (required for hover, definition, references when symbol is omitted)",
          "minimum": 1,
          "type": "integer"
        },
        "depth": {
          "description": "Maximum nesting depth for operation='symbols'. 0 = top-level only; omitted = unlimited",
          "minimum": 0,
          "type": "integer"
        },
        "file_path": {
          "description": "Absolute or worktree-relative file path",
          "type": "string"
        },
        "kind": {
          "description": "Comma-separated symbol kind filter for operation='symbols' (e.g. function,method,struct,class,interface,enum,variable,constant,module,field,property,constructor,type_parameter)",
          "type": "string"
        },
        "line": {
          "description": "1-based line number (required for hover, definition, references)",
          "minimum": 1,
          "type": "integer"
        },
        "name_filter": {
          "description": "Case-insensitive substring filter applied to symbol names and name paths for operation='symbols'",
          "type": "string"
        },
        "operation": {
          "description": "LSP operation to perform",
          "enum": [
            "hover",
            "definition",
            "references",
            "symbols"
          ],
          "type": "string"
        },
        "symbol": {
          "description": "Optional symbol name path for hover, definition, or references as an alternative to line+character",
          "type": "string"
        }
      },
      "required": [
        "operation",
        "file_path"
      ],
      "type": "object"
    },
    "name": "lsp"
  },
  {
    "concurrent_safe": true,
    "description": "Fetch the full log for a GitHub Actions CI job. When CI fails, the activity log tells you the job_id. Call this tool to see the actual error output. Optionally filter to a specific failed step name. If the output is large, use output_view or output_grep to navigate it.",
    "inputSchema": {
      "properties": {
        "job_id": {
          "description": "The GitHub Actions job ID from the CI failure activity",
          "type": "integer"
        },
        "step": {
          "description": "Optional step name to filter the log to (e.g. 'Tests')",
          "type": "string"
        }
      },
      "required": [
        "job_id"
      ],
      "type": "object"
    },
    "name": "ci_job_log"
  },
  {
    "concurrent_safe": true,
    "description": "Search GitHub code across millions of public repositories via grep.app. Returns matching code snippets with file paths, line numbers, and repository info. Useful for finding real-world usage examples, implementation patterns, and API usage.",
    "inputSchema": {
      "properties": {
        "language": {
          "description": "Programming language filter (e.g. \"Rust\", \"Python\", \"TypeScript\")",
          "type": "string"
        },
        "path": {
          "description": "Path filter to search within specific directories (e.g. \"src/\")",
          "type": "string"
        },
        "query": {
          "description": "Search query. Supports regex patterns.",
          "type": "string"
        },
        "repo": {
          "description": "Repository filter in \"owner/repo\" format (e.g. \"tokio-rs/tokio\")",
          "type": "string"
        }
      },
      "required": [
        "query"
      ],
      "type": "object"
    },
    "name": "github_search"
  },
  {
    "concurrent_safe": true,
    "description": "Paginated view of a truncated tool output. When a tool result was truncated, the full output is stashed and can be browsed here by tool_use_id.",
    "inputSchema": {
      "properties": {
        "limit": {
          "description": "Number of lines to return (default 200)",
          "minimum": 1,
          "type": "integer"
        },
        "offset": {
          "description": "Line offset (0-based, default 0)",
          "minimum": 0,
          "type": "integer"
        },
        "tool_use_id": {
          "description": "The tool_use_id from the truncated result",
          "type": "string"
        }
      },
      "required": [
        "tool_use_id"
      ],
      "type": "object"
    },
    "name": "output_view"
  },
  {
    "concurrent_safe": true,
    "description": "Regex search within a truncated tool output. Returns matching lines with context from the full stashed output.",
    "inputSchema": {
      "properties": {
        "context_lines": {
          "description": "Lines of context around each match (default 3)",
          "minimum": 0,
          "type": "integer"
        },
        "pattern": {
          "description": "Regex pattern to search for",
          "type": "string"
        },
        "tool_use_id": {
          "description": "The tool_use_id from the truncated result",
          "type": "string"
        }
      },
      "required": [
        "tool_use_id",
        "pattern"
      ],
      "type": "object"
    },
    "name": "output_grep"
  },
  {
    "concurrent_safe": false,
    "description": "Create a new task under an epic. Agents should use this only when explicitly allowed by their role and task design.",
    "inputSchema": {
      "properties": {
        "acceptance_criteria": {
          "description": "Required. Each item is either a plain string or an object with 'criterion' (string) and optional 'met' (bool) fields. Tasks without acceptance criteria cannot be dispatched.",
          "items": {},
          "minItems": 1,
          "type": "array"
        },
        "blocked_by": {
          "description": "Task IDs (UUID or short_id) that must complete before this task can be dispatched.",
          "items": {
            "type": "string"
          },
          "type": "array"
        },
        "description": {
          "type": "string"
        },
        "design": {
          "type": "string"
        },
        "epic_id": {
          "description": "Parent epic UUID or short ID",
          "type": "string"
        },
        "issue_type": {
          "description": "Task type: 'task' (default for worker-routed code work), 'planning' for epic metadata operations (epic_update, epic_close, memory_refs management, roadmap/AC changes, or other metadata-only maintenance), 'spike' for research, 'review' for code review. Use 'planning' when the work requires epic management tools or primarily updates epic metadata instead of code.",
          "type": "string"
        },
        "labels": {
          "items": {
            "type": "string"
          },
          "type": "array"
        },
        "owner": {
          "type": "string"
        },
        "parent_id": {
          "type": "string"
        },
        "priority": {
          "type": "integer"
        },
        "status": {
          "type": "string"
        },
        "title": {
          "type": "string"
        }
      },
      "required": [
        "epic_id",
        "title",
        "acceptance_criteria"
      ],
      "type": "object"
    },
    "name": "task_create"
  },
  {
    "concurrent_safe": false,
    "description": "Update task fields and manage blocker relationships. Use blocked_by_add/blocked_by_remove to enforce task sequencing — a task with unresolved blockers will not be dispatched.",
    "inputSchema": {
      "properties": {
        "acceptance_criteria": {
          "description": "Each item is either a plain string or an object with 'criterion' (string) and optional 'met' (bool) fields.",
          "items": {},
          "type": "array"
        },
        "blocked_by_add": {
          "description": "Task IDs (UUID or short_id) to add as blockers. Task will not be dispatched until all blockers are resolved.",
          "items": {
            "type": "string"
          },
          "type": "array"
        },
        "blocked_by_remove": {
          "description": "Task IDs (UUID or short_id) to remove as blockers.",
          "items": {
            "type": "string"
          },
          "type": "array"
        },
        "description": {
          "type": "string"
        },
        "design": {
          "type": "string"
        },
        "epic_id": {
          "type": "string"
        },
        "id": {
          "description": "Task UUID or short ID",
          "type": "string"
        },
        "memory_refs_add": {
          "items": {
            "type": "string"
          },
          "type": "array"
        },
        "memory_refs_remove": {
          "items": {
            "type": "string"
          },
          "type": "array"
        },
        "owner": {
          "type": "string"
        },
        "priority": {
          "type": "integer"
        },
        "status": {
          "type": "string"
        },
        "title": {
          "type": "string"
        }
      },
      "required": [
        "id"
      ],
      "type": "object"
    },
    "name": "task_update"
  },
  {
    "concurrent_safe": true,
    "description": "List tasks that are blocked by the given task. Use before decomposing to check downstream dependents.",
    "inputSchema": {
      "properties": {
        "id": {
          "description": "Task UUID or short ID",
          "type": "string"
        }
      },
      "required": [
        "id"
      ],
      "type": "object"
    },
    "name": "task_blocked_list"
  },
  {
    "concurrent_safe": true,
    "description": "Show details for an epic by UUID or short ID.",
    "inputSchema": {
      "properties": {
        "id": {
          "description": "Epic UUID or short ID",
          "type": "string"
        }
      },
      "required": [
        "id"
      ],
      "type": "object"
    },
    "name": "epic_show"
  },
  {
    "concurrent_safe": false,
    "description": "Update epic fields (title/description) and accept memory ref delta args for planner workflows.",
    "inputSchema": {
      "properties": {
        "description": {
          "type": "string"
        },
        "id": {
          "description": "Epic UUID or short ID",
          "type": "string"
        },
        "memory_refs_add": {
          "items": {
            "type": "string"
          },
          "type": "array"
        },
        "memory_refs_remove": {
          "items": {
            "type": "string"
          },
          "type": "array"
        },
        "status": {
          "type": "string"
        },
        "title": {
          "type": "string"
        }
      },
      "required": [
        "id"
      ],
      "type": "object"
    },
    "name": "epic_update"
  },
  {
    "concurrent_safe": true,
    "description": "List tasks for an epic with pagination.",
    "inputSchema": {
      "properties": {
        "id": {
          "description": "Epic UUID or short ID",
          "type": "string"
        },
        "limit": {
          "type": "integer"
        },
        "offset": {
          "type": "integer"
        }
      },
      "required": [
        "id"
      ],
      "type": "object"
    },
    "name": "epic_tasks"
  },
  {
    "concurrent_safe": false,
    "description": "Close an epic. Use when all work is complete and no further waves are needed.",
    "inputSchema": {
      "properties": {
        "id": {
          "description": "Epic UUID or short ID",
          "type": "string"
        }
      },
      "required": [
        "id"
      ],
      "type": "object"
    },
    "name": "epic_close"
  },
  {
    "concurrent_safe": false,
    "description": "Transition a task using a named workflow action.",
    "inputSchema": {
      "properties": {
        "action": {
          "description": "Transition action name",
          "type": "string"
        },
        "id": {
          "description": "Task UUID or short ID",
          "type": "string"
        },
        "reason": {
          "description": "Reason for the transition. Required for force_close when no replacement_task_ids are provided.",
          "type": "string"
        },
        "replacement_task_ids": {
          "description": "UUIDs or short IDs of replacement tasks. Required for force_close when no reason is provided.",
          "items": {
            "type": "string"
          },
          "type": "array"
        }
      },
      "required": [
        "id",
        "action"
      ],
      "type": "object"
    },
    "name": "task_transition"
  },
  {
    "concurrent_safe": false,
    "description": "Add a comment or strategic observation to a task's activity log.",
    "inputSchema": {
      "properties": {
        "body": {
          "description": "Comment body to add to the activity log",
          "type": "string"
        },
        "id": {
          "description": "Task UUID or short ID",
          "type": "string"
        }
      },
      "required": [
        "id",
        "body"
      ],
      "type": "object"
    },
    "name": "task_comment_add"
  },
  {
    "concurrent_safe": false,
    "description": "Create or update a note. Type is required and determines storage folder (adr->decisions/, pattern->patterns/, case->cases/, pitfall->pitfalls/, research->research/, requirement->requirements/, reference->reference/, design->design/, tech_spike->research/technical, session->research/sessions). Singleton types (brief, roadmap) write a fixed file — one per project. Use [[wikilinks]] in content to connect notes.",
    "inputSchema": {
      "properties": {
        "content": {
          "description": "Markdown content of the note. Use [[wikilinks]] to connect to other notes.",
          "type": "string"
        },
        "tags": {
          "description": "Optional tags for categorisation",
          "items": {
            "type": "string"
          },
          "type": "array"
        },
        "title": {
          "description": "Note title",
          "type": "string"
        },
        "type": {
          "description": "Note type: adr, pattern, case, pitfall, research, requirement, reference, design, tech_spike, session, brief (singleton), roadmap (singleton)",
          "type": "string"
        }
      },
      "required": [
        "title",
        "content",
        "type"
      ],
      "type": "object"
    },
    "name": "memory_write"
  },
  {
    "concurrent_safe": false,
    "description": "Edit an existing note. Operations: \"append\" (add to end), \"prepend\" (add after frontmatter), \"find_replace\" (exact text replacement, requires find_text), \"replace_section\" (replace content under a markdown heading, requires section).",
    "inputSchema": {
      "properties": {
        "content": {
          "description": "New content to insert or replace with",
          "type": "string"
        },
        "find_text": {
          "description": "Required for find_replace: exact text to search for",
          "type": "string"
        },
        "identifier": {
          "description": "Note permalink or title",
          "type": "string"
        },
        "operation": {
          "description": "Edit operation: append, prepend, find_replace, replace_section",
          "type": "string"
        },
        "section": {
          "description": "Required for replace_section: heading text identifying the section",
          "type": "string"
        },
        "type": {
          "description": "If provided and different from current type, move the note to the new type's folder",
          "type": "string"
        }
      },
      "required": [
        "identifier",
        "operation",
        "content"
      ],
      "type": "object"
    },
    "name": "memory_edit"
  },
  {
    "concurrent_safe": true,
    "description": "Build a curated memory context pack for a task or query by combining note retrieval and ranking. Use this before deep analysis to gather relevant project history and decisions.",
    "inputSchema": {
      "properties": {
        "limit": {
          "description": "Maximum notes to include (default 8)",
          "type": "integer"
        },
        "min_confidence": {
          "description": "Minimum confidence threshold for related notes (default 0.1). Notes below this are excluded.",
          "type": "number"
        },
        "query": {
          "description": "Optional free-text query to bias retrieval",
          "type": "string"
        },
        "task_id": {
          "description": "Task ID to gather related memory for; defaults to current session task when omitted",
          "type": "string"
        }
      },
      "type": "object"
    },
    "name": "memory_build_context"
  },
  {
    "concurrent_safe": true,
    "description": "Returns aggregate health report: total notes, broken link count, orphan note count, stale notes by folder.",
    "inputSchema": {
      "properties": {},
      "type": "object"
    },
    "name": "memory_health"
  },
  {
    "concurrent_safe": true,
    "description": "Lists all broken wikilinks with source context (permalink, title, raw text, target permalink).",
    "inputSchema": {
      "properties": {
        "folder": {
          "description": "Optional folder filter (e.g. \"decisions\")",
          "type": "string"
        }
      },
      "type": "object"
    },
    "name": "memory_broken_links"
  },
  {
    "concurrent_safe": true,
    "description": "Lists notes with zero inbound links. Excludes catalogs and singletons (brief, roadmap).",
    "inputSchema": {
      "properties": {
        "folder": {
          "description": "Optional folder filter (e.g. \"pitfalls\")",
          "type": "string"
        }
      },
      "type": "object"
    },
    "name": "memory_orphans"
  },
  {
    "concurrent_safe": true,
    "description": "Show execution quality metrics for a role to support prompt tuning and intervention decisions.",
    "inputSchema": {
      "properties": {
        "role": {
          "description": "Role name (worker, reviewer, lead, planner, architect)",
          "type": "string"
        }
      },
      "required": [
        "role"
      ],
      "type": "object"
    },
    "name": "agent_metrics"
  },
  {
    "concurrent_safe": false,
    "description": "Create a new specialist agent extending a base role (worker or reviewer). Use when existing agents lack capabilities for a specific domain.",
    "inputSchema": {
      "properties": {
        "base_role": {
          "description": "Base role to extend: worker or reviewer",
          "type": "string"
        },
        "description": {
          "description": "Short description of what this agent specialises in",
          "type": "string"
        },
        "model_preference": {
          "description": "Preferred model ID (falls back to project default)",
          "type": "string"
        },
        "name": {
          "description": "Unique agent name within the project",
          "type": "string"
        },
        "system_prompt_extensions": {
          "description": "Additional system prompt content appended to the base role prompt",
          "type": "string"
        }
      },
      "required": [
        "name",
        "base_role"
      ],
      "type": "object"
    },
    "name": "agent_create"
  },
  {
    "concurrent_safe": false,
    "description": "Delete the task's git branch, worktree, and paused session so the next worker starts with a clean slate.",
    "inputSchema": {
      "properties": {
        "id": {
          "description": "Task UUID or short ID",
          "type": "string"
        }
      },
      "required": [
        "id"
      ],
      "type": "object"
    },
    "name": "task_delete_branch"
  },
  {
    "concurrent_safe": false,
    "description": "Soft-delete all activity entries (comments, session errors, rejections) for a task. The worker on the next attempt will only see post-intervention activity.",
    "inputSchema": {
      "properties": {
        "id": {
          "description": "Task UUID or short ID",
          "type": "string"
        }
      },
      "required": [
        "id"
      ],
      "type": "object"
    },
    "name": "task_archive_activity"
  },
  {
    "concurrent_safe": false,
    "description": "Reset reopen_count and continuation_count to zero. Use when the task has been meaningfully rescoped and old retry history is no longer relevant.",
    "inputSchema": {
      "properties": {
        "id": {
          "description": "Task UUID or short ID",
          "type": "string"
        }
      },
      "required": [
        "id"
      ],
      "type": "object"
    },
    "name": "task_reset_counters"
  },
  {
    "concurrent_safe": false,
    "description": "Kill the paused worker session and delete its saved conversation. The next dispatch will start a fresh session. Unlike task_delete_branch, this preserves the branch and any committed code.",
    "inputSchema": {
      "properties": {
        "id": {
          "description": "Task UUID or short ID",
          "type": "string"
        }
      },
      "required": [
        "id"
      ],
      "type": "object"
    },
    "name": "task_kill_session"
  },
  {
    "concurrent_safe": false,
    "description": "Append a prompt amendment to a specialist agent role's learned_prompt. The amendment is appended after existing content (never replacing it) and logged to learned_prompt_history. Only applicable to specialist roles (worker, reviewer base_role). Do NOT use on architect, lead, or planner roles.",
    "inputSchema": {
      "properties": {
        "agent_id": {
          "description": "Agent UUID or name to amend",
          "type": "string"
        },
        "amendment": {
          "description": "Amendment text to append to learned_prompt",
          "type": "string"
        },
        "metrics_snapshot": {
          "description": "JSON string of current metrics for the history record",
          "type": "string"
        },
        "project": {
          "description": "Absolute project path",
          "type": "string"
        }
      },
      "required": [
        "agent_id",
        "amendment"
      ],
      "type": "object"
    },
    "name": "agent_amend_prompt"
  },
  {
    "concurrent_safe": false,
    "description": "Signal that the grooming session is complete. Report per-task actions taken. Your session ends after this call.",
    "inputSchema": {
      "properties": {
        "next_patrol_minutes": {
          "description": "Planner patrol only (per ADR-051 §1): minutes until the next board-health patrol should run (5-60). Set when the current task is a review-type patrol (`issue_type=\"review\"`, title contains \"patrol\"). Omit for decomposition or intervention sessions.",
          "maximum": 60,
          "minimum": 5,
          "type": "integer"
        },
        "summary": {
          "description": "Optional overall summary of the grooming session",
          "type": "string"
        },
        "tasks_reviewed": {
          "description": "Per-task grooming entries",
          "items": {
            "properties": {
              "action": {
                "description": "Action taken on this task",
                "enum": [
                  "promoted",
                  "improved",
                  "skipped"
                ],
                "type": "string"
              },
              "changes": {
                "description": "Description of changes made to this task",
                "type": "string"
              },
              "task_id": {
                "description": "Task UUID or short_id",
                "type": "string"
              }
            },
            "required": [
              "task_id",
              "action"
            ],
            "type": "object"
          },
          "type": "array"
        }
      },
      "type": "object"
    },
    "name": "submit_grooming"
  }
]
