---
source: crates/djinn-agent/src/extension/mod.rs
expression: "serde_json::to_value(&tool_code_graph()).unwrap()"
---
{
  "description": "Query the repository dependency graph built from SCIP indexer output. Operations: neighbors (edges in/out of a node), ranked (top nodes by PageRank), impact (transitive dependents), implementations (find implementors of a trait/interface symbol).",
  "inputSchema": {
    "properties": {
      "direction": {
        "description": "Edge direction filter for neighbors (omit for both)",
        "enum": [
          "incoming",
          "outgoing"
        ],
        "type": "string"
      },
      "key": {
        "description": "Node key: file path or SCIP symbol string (required for neighbors, impact, implementations)",
        "type": "string"
      },
      "kind_filter": {
        "description": "Node kind filter for ranked",
        "enum": [
          "file",
          "symbol"
        ],
        "type": "string"
      },
      "limit": {
        "description": "Max results for ranked (default 20) or max traversal depth for impact (default 3)",
        "minimum": 1,
        "type": "integer"
      },
      "operation": {
        "description": "Graph query to perform",
        "enum": [
          "neighbors",
          "ranked",
          "impact",
          "implementations"
        ],
        "type": "string"
      },
      "project_path": {
        "description": "Absolute path to project root",
        "type": "string"
      }
    },
    "required": [
      "operation",
      "project_path"
    ],
    "type": "object"
  },
  "name": "code_graph"
}
